Archive member included to satisfy reference by file (symbol)

/opt/st/stm32cubeide_1.9.0/plugins/com.st.stm32cube.ide.mcu.externaltools.gnu-tools-for-stm32.10.3-2021.10.linux64_1.0.0.202111181127/tools/bin/../lib/gcc/arm-none-eabi/10.3.1/../../../../arm-none-eabi/lib/thumb/v7-m/nofp/libc_nano.a(lib_a-errno.o)
                              ./Core/Src/syscalls.o (__errno)
/opt/st/stm32cubeide_1.9.0/plugins/com.st.stm32cube.ide.mcu.externaltools.gnu-tools-for-stm32.10.3-2021.10.linux64_1.0.0.202111181127/tools/bin/../lib/gcc/arm-none-eabi/10.3.1/../../../../arm-none-eabi/lib/thumb/v7-m/nofp/libc_nano.a(lib_a-exit.o)
                              /opt/st/stm32cubeide_1.9.0/plugins/com.st.stm32cube.ide.mcu.externaltools.gnu-tools-for-stm32.10.3-2021.10.linux64_1.0.0.202111181127/tools/bin/../lib/gcc/arm-none-eabi/10.3.1/../../../../arm-none-eabi/lib/thumb/v7-m/nofp/crt0.o (exit)
/opt/st/stm32cubeide_1.9.0/plugins/com.st.stm32cube.ide.mcu.externaltools.gnu-tools-for-stm32.10.3-2021.10.linux64_1.0.0.202111181127/tools/bin/../lib/gcc/arm-none-eabi/10.3.1/../../../../arm-none-eabi/lib/thumb/v7-m/nofp/libc_nano.a(lib_a-impure.o)
                              /opt/st/stm32cubeide_1.9.0/plugins/com.st.stm32cube.ide.mcu.externaltools.gnu-tools-for-stm32.10.3-2021.10.linux64_1.0.0.202111181127/tools/bin/../lib/gcc/arm-none-eabi/10.3.1/../../../../arm-none-eabi/lib/thumb/v7-m/nofp/libc_nano.a(lib_a-exit.o) (_global_impure_ptr)
/opt/st/stm32cubeide_1.9.0/plugins/com.st.stm32cube.ide.mcu.externaltools.gnu-tools-for-stm32.10.3-2021.10.linux64_1.0.0.202111181127/tools/bin/../lib/gcc/arm-none-eabi/10.3.1/../../../../arm-none-eabi/lib/thumb/v7-m/nofp/libc_nano.a(lib_a-init.o)
                              /opt/st/stm32cubeide_1.9.0/plugins/com.st.stm32cube.ide.mcu.externaltools.gnu-tools-for-stm32.10.3-2021.10.linux64_1.0.0.202111181127/tools/bin/../lib/gcc/arm-none-eabi/10.3.1/../../../../arm-none-eabi/lib/thumb/v7-m/nofp/crt0.o (__libc_init_array)
/opt/st/stm32cubeide_1.9.0/plugins/com.st.stm32cube.ide.mcu.externaltools.gnu-tools-for-stm32.10.3-2021.10.linux64_1.0.0.202111181127/tools/bin/../lib/gcc/arm-none-eabi/10.3.1/../../../../arm-none-eabi/lib/thumb/v7-m/nofp/libc_nano.a(lib_a-memset.o)
                              /opt/st/stm32cubeide_1.9.0/plugins/com.st.stm32cube.ide.mcu.externaltools.gnu-tools-for-stm32.10.3-2021.10.linux64_1.0.0.202111181127/tools/bin/../lib/gcc/arm-none-eabi/10.3.1/../../../../arm-none-eabi/lib/thumb/v7-m/nofp/crt0.o (memset)
/opt/st/stm32cubeide_1.9.0/plugins/com.st.stm32cube.ide.mcu.externaltools.gnu-tools-for-stm32.10.3-2021.10.linux64_1.0.0.202111181127/tools/bin/../lib/gcc/arm-none-eabi/10.3.1/../../../../arm-none-eabi/lib/thumb/v7-m/nofp/libc_nano.a(lib_a-strlen.o)
                              ./Core/Src/main.o (strlen)

Discarded input sections

 .text          0x0000000000000000        0x0 /opt/st/stm32cubeide_1.9.0/plugins/com.st.stm32cube.ide.mcu.externaltools.gnu-tools-for-stm32.10.3-2021.10.linux64_1.0.0.202111181127/tools/bin/../lib/gcc/arm-none-eabi/10.3.1/thumb/v7-m/nofp/crti.o
 .data          0x0000000000000000        0x0 /opt/st/stm32cubeide_1.9.0/plugins/com.st.stm32cube.ide.mcu.externaltools.gnu-tools-for-stm32.10.3-2021.10.linux64_1.0.0.202111181127/tools/bin/../lib/gcc/arm-none-eabi/10.3.1/thumb/v7-m/nofp/crti.o
 .bss           0x0000000000000000        0x0 /opt/st/stm32cubeide_1.9.0/plugins/com.st.stm32cube.ide.mcu.externaltools.gnu-tools-for-stm32.10.3-2021.10.linux64_1.0.0.202111181127/tools/bin/../lib/gcc/arm-none-eabi/10.3.1/thumb/v7-m/nofp/crti.o
 .data          0x0000000000000000        0x4 /opt/st/stm32cubeide_1.9.0/plugins/com.st.stm32cube.ide.mcu.externaltools.gnu-tools-for-stm32.10.3-2021.10.linux64_1.0.0.202111181127/tools/bin/../lib/gcc/arm-none-eabi/10.3.1/thumb/v7-m/nofp/crtbegin.o
 .rodata        0x0000000000000000       0x24 /opt/st/stm32cubeide_1.9.0/plugins/com.st.stm32cube.ide.mcu.externaltools.gnu-tools-for-stm32.10.3-2021.10.linux64_1.0.0.202111181127/tools/bin/../lib/gcc/arm-none-eabi/10.3.1/thumb/v7-m/nofp/crtbegin.o
 .text          0x0000000000000000       0x7c /opt/st/stm32cubeide_1.9.0/plugins/com.st.stm32cube.ide.mcu.externaltools.gnu-tools-for-stm32.10.3-2021.10.linux64_1.0.0.202111181127/tools/bin/../lib/gcc/arm-none-eabi/10.3.1/../../../../arm-none-eabi/lib/thumb/v7-m/nofp/crt0.o
 .data          0x0000000000000000        0x0 /opt/st/stm32cubeide_1.9.0/plugins/com.st.stm32cube.ide.mcu.externaltools.gnu-tools-for-stm32.10.3-2021.10.linux64_1.0.0.202111181127/tools/bin/../lib/gcc/arm-none-eabi/10.3.1/../../../../arm-none-eabi/lib/thumb/v7-m/nofp/crt0.o
 .bss           0x0000000000000000        0x0 /opt/st/stm32cubeide_1.9.0/plugins/com.st.stm32cube.ide.mcu.externaltools.gnu-tools-for-stm32.10.3-2021.10.linux64_1.0.0.202111181127/tools/bin/../lib/gcc/arm-none-eabi/10.3.1/../../../../arm-none-eabi/lib/thumb/v7-m/nofp/crt0.o
[...]
Memory Configuration

Name             Origin             Length             Attributes
RAM              0x0000000020000000 0x0000000000005000 xrw
FLASH            0x0000000008000000 0x0000000000010000 xr
*default*        0x0000000000000000 0xffffffffffffffff

Linker script and memory map

LOAD /opt/st/stm32cubeide_1.9.0/plugins/com.st.stm32cube.ide.mcu.externaltools.gnu-tools-for-stm32.10.3-2021.10.linux64_1.0.0.202111181127/tools/bin/../lib/gcc/arm-none-eabi/10.3.1/thumb/v7-m/nofp/crti.o
LOAD /opt/st/stm32cubeide_1.9.0/plugins/com.st.stm32cube.ide.mcu.externaltools.gnu-tools-for-stm32.10.3-2021.10.linux64_1.0.0.202111181127/tools/bin/../lib/gcc/arm-none-eabi/10.3.1/thumb/v7-m/nofp/crtbegin.o
LOAD /opt/st/stm32cubeide_1.9.0/plugins/com.st.stm32cube.ide.mcu.externaltools.gnu-tools-for-stm32.10.3-2021.10.linux64_1.0.0.202111181127/tools/bin/../lib/gcc/arm-none-eabi/10.3.1/../../../../arm-none-eabi/lib/thumb/v7-m/nofp/crt0.o
LOAD ./Core/Src/main.o
LOAD ./Core/Src/stm32f1xx_hal_msp.o
LOAD ./Core/Src/stm32f1xx_it.o
LOAD ./Core/Src/syscalls.o
LOAD ./Core/Src/sysmem.o
LOAD ./Core/Src/system_stm32f1xx.o
LOAD ./Core/Startup/startup_stm32f103c8tx.o
LOAD ./Drivers/STM32F1xx_HAL_Driver/Src/stm32f1xx_hal.o
LOAD ./Drivers/STM32F1xx_HAL_Driver/Src/stm32f1xx_hal_cortex.o
LOAD ./Drivers/STM32F1xx_HAL_Driver/Src/stm32f1xx_hal_dma.o
LOAD ./Drivers/STM32F1xx_HAL_Driver/Src/stm32f1xx_hal_exti.o
LOAD ./Drivers/STM32F1xx_HAL_Driver/Src/stm32f1xx_hal_flash.o
LOAD ./Drivers/STM32F1xx_HAL_Driver/Src/stm32f1xx_hal_flash_ex.o
LOAD ./Drivers/STM32F1xx_HAL_Driver/Src/stm32f1xx_hal_gpio.o
LOAD ./Drivers/STM32F1xx_HAL_Driver/Src/stm32f1xx_hal_gpio_ex.o
LOAD ./Drivers/STM32F1xx_HAL_Driver/Src/stm32f1xx_hal_pcd.o
LOAD ./Drivers/STM32F1xx_HAL_Driver/Src/stm32f1xx_hal_pcd_ex.o
LOAD ./Drivers/STM32F1xx_HAL_Driver/Src/stm32f1xx_hal_pwr.o
LOAD ./Drivers/STM32F1xx_HAL_Driver/Src/stm32f1xx_hal_rcc.o
LOAD ./Drivers/STM32F1xx_HAL_Driver/Src/stm32f1xx_hal_rcc_ex.o
LOAD ./Drivers/STM32F1xx_HAL_Driver/Src/stm32f1xx_hal_tim.o
LOAD ./Drivers/STM32F1xx_HAL_Driver/Src/stm32f1xx_hal_tim_ex.o
LOAD ./Drivers/STM32F1xx_HAL_Driver/Src/stm32f1xx_ll_usb.o
LOAD ./Middlewares/ST/STM32_USB_Device_Library/Class/CDC/Src/usbd_cdc.o
LOAD ./Middlewares/ST/STM32_USB_Device_Library/Core/Src/usbd_core.o
LOAD ./Middlewares/ST/STM32_USB_Device_Library/Core/Src/usbd_ctlreq.o
LOAD ./Middlewares/ST/STM32_USB_Device_Library/Core/Src/usbd_ioreq.o
LOAD ./USB_DEVICE/App/usb_device.o
LOAD ./USB_DEVICE/App/usbd_cdc_if.o
LOAD ./USB_DEVICE/App/usbd_desc.o
LOAD ./USB_DEVICE/Target/usbd_conf.o
START GROUP
LOAD /opt/st/stm32cubeide_1.9.0/plugins/com.st.stm32cube.ide.mcu.externaltools.gnu-tools-for-stm32.10.3-2021.10.linux64_1.0.0.202111181127/tools/bin/../lib/gcc/arm-none-eabi/10.3.1/../../../../arm-none-eabi/lib/thumb/v7-m/nofp/libc_nano.a
LOAD /opt/st/stm32cubeide_1.9.0/plugins/com.st.stm32cube.ide.mcu.externaltools.gnu-tools-for-stm32.10.3-2021.10.linux64_1.0.0.202111181127/tools/bin/../lib/gcc/arm-none-eabi/10.3.1/../../../../arm-none-eabi/lib/thumb/v7-m/nofp/libm.a
END GROUP
START GROUP
LOAD /opt/st/stm32cubeide_1.9.0/plugins/com.st.stm32cube.ide.mcu.externaltools.gnu-tools-for-stm32.10.3-2021.10.linux64_1.0.0.202111181127/tools/bin/../lib/gcc/arm-none-eabi/10.3.1/thumb/v7-m/nofp/libgcc.a
LOAD /opt/st/stm32cubeide_1.9.0/plugins/com.st.stm32cube.ide.mcu.externaltools.gnu-tools-for-stm32.10.3-2021.10.linux64_1.0.0.202111181127/tools/bin/../lib/gcc/arm-none-eabi/10.3.1/../../../../arm-none-eabi/lib/thumb/v7-m/nofp/libc_nano.a
END GROUP
START GROUP
LOAD /opt/st/stm32cubeide_1.9.0/plugins/com.st.stm32cube.ide.mcu.externaltools.gnu-tools-for-stm32.10.3-2021.10.linux64_1.0.0.202111181127/tools/bin/../lib/gcc/arm-none-eabi/10.3.1/thumb/v7-m/nofp/libgcc.a
LOAD /opt/st/stm32cubeide_1.9.0/plugins/com.st.stm32cube.ide.mcu.externaltools.gnu-tools-for-stm32.10.3-2021.10.linux64_1.0.0.202111181127/tools/bin/../lib/gcc/arm-none-eabi/10.3.1/../../../../arm-none-eabi/lib/thumb/v7-m/nofp/libc_nano.a
LOAD /opt/st/stm32cubeide_1.9.0/plugins/com.st.stm32cube.ide.mcu.externaltools.gnu-tools-for-stm32.10.3-2021.10.linux64_1.0.0.202111181127/tools/bin/../lib/gcc/arm-none-eabi/10.3.1/../../../../arm-none-eabi/lib/thumb/v7-m/nofp/libnosys.a
END GROUP
START GROUP
LOAD /opt/st/stm32cubeide_1.9.0/plugins/com.st.stm32cube.ide.mcu.externaltools.gnu-tools-for-stm32.10.3-2021.10.linux64_1.0.0.202111181127/tools/bin/../lib/gcc/arm-none-eabi/10.3.1/thumb/v7-m/nofp/libgcc.a
LOAD /opt/st/stm32cubeide_1.9.0/plugins/com.st.stm32cube.ide.mcu.externaltools.gnu-tools-for-stm32.10.3-2021.10.linux64_1.0.0.202111181127/tools/bin/../lib/gcc/arm-none-eabi/10.3.1/../../../../arm-none-eabi/lib/thumb/v7-m/nofp/libc_nano.a
LOAD /opt/st/stm32cubeide_1.9.0/plugins/com.st.stm32cube.ide.mcu.externaltools.gnu-tools-for-stm32.10.3-2021.10.linux64_1.0.0.202111181127/tools/bin/../lib/gcc/arm-none-eabi/10.3.1/../../../../arm-none-eabi/lib/thumb/v7-m/nofp/libnosys.a
END GROUP
LOAD /opt/st/stm32cubeide_1.9.0/plugins/com.st.stm32cube.ide.mcu.externaltools.gnu-tools-for-stm32.10.3-2021.10.linux64_1.0.0.202111181127/tools/bin/../lib/gcc/arm-none-eabi/10.3.1/thumb/v7-m/nofp/crtend.o
LOAD /opt/st/stm32cubeide_1.9.0/plugins/com.st.stm32cube.ide.mcu.externaltools.gnu-tools-for-stm32.10.3-2021.10.linux64_1.0.0.202111181127/tools/bin/../lib/gcc/arm-none-eabi/10.3.1/thumb/v7-m/nofp/crtn.o
                0x0000000020005000                _estack = (ORIGIN (RAM) + LENGTH (RAM))
                0x0000000000000200                _Min_Heap_Size = 0x200
                0x0000000000000400                _Min_Stack_Size = 0x400

.isr_vector     0x0000000008000000      0x10c
                0x0000000008000000                . = ALIGN (0x4)
 *(.isr_vector)
 .isr_vector    0x0000000008000000      0x10c ./Core/Startup/startup_stm32f103c8tx.o
                0x0000000008000000                g_pfnVectors
                0x000000000800010c                . = ALIGN (0x4)

.text           0x000000000800010c     0x7890
                0x000000000800010c                . = ALIGN (0x4)
 *(.text)
 .text          0x000000000800010c       0x40 /opt/st/stm32cubeide_1.9.0/plugins/com.st.stm32cube.ide.mcu.externaltools.gnu-tools-for-stm32.10.3-2021.10.linux64_1.0.0.202111181127/tools/bin/../lib/gcc/arm-none-eabi/10.3.1/thumb/v7-m/nofp/crtbegin.o
 .text          0x000000000800014c       0x10 /opt/st/stm32cubeide_1.9.0/plugins/com.st.stm32cube.ide.mcu.externaltools.gnu-tools-for-stm32.10.3-2021.10.linux64_1.0.0.202111181127/tools/bin/../lib/gcc/arm-none-eabi/10.3.1/../../../../arm-none-eabi/lib/thumb/v7-m/nofp/libc_nano.a(lib_a-strlen.o)
                0x000000000800014c                strlen
 *(.text*)
 .text.main     0x000000000800015c       0x3c ./Core/Src/main.o
                0x000000000800015c                main
 .text.SystemClock_Config
                0x0000000008000198       0xb4 ./Core/Src/main.o
                0x0000000008000198                SystemClock_Config
 .text.MX_GPIO_Init
                0x000000000800024c       0x98 ./Core/Src/main.o
 .text.Error_Handler
                0x00000000080002e4        0xa ./Core/Src/main.o
                0x00000000080002e4                Error_Handler
 *fill*         0x00000000080002ee        0x2 
 .text.HAL_MspInit
                0x00000000080002f0       0x64 ./Core/Src/stm32f1xx_hal_msp.o
                0x00000000080002f0                HAL_MspInit
 .text.NMI_Handler
                0x0000000008000354        0x6 ./Core/Src/stm32f1xx_it.o
                0x0000000008000354                NMI_Handler
 .text.HardFault_Handler
                0x000000000800035a        0x6 ./Core/Src/stm32f1xx_it.o
                0x000000000800035a                HardFault_Handler
 .text.MemManage_Handler
                0x0000000008000360        0x6 ./Core/Src/stm32f1xx_it.o
                0x0000000008000360                MemManage_Handler
 .text.BusFault_Handler
                0x0000000008000366        0x6 ./Core/Src/stm32f1xx_it.o
                0x0000000008000366                BusFault_Handler
 .text.UsageFault_Handler
                0x000000000800036c        0x6 ./Core/Src/stm32f1xx_it.o
                0x000000000800036c                UsageFault_Handler
 .text.SVC_Handler
                0x0000000008000372        0xc ./Core/Src/stm32f1xx_it.o
                0x0000000008000372                SVC_Handler
 .text.DebugMon_Handler
                0x000000000800037e        0xc ./Core/Src/stm32f1xx_it.o
                0x000000000800037e                DebugMon_Handler
 .text.PendSV_Handler
                0x000000000800038a        0xc ./Core/Src/stm32f1xx_it.o
                0x000000000800038a                PendSV_Handler
 .text.SysTick_Handler
                0x0000000008000396        0xc ./Core/Src/stm32f1xx_it.o
                0x0000000008000396                SysTick_Handler
 *fill*         0x00000000080003a2        0x2 
 .text.USB_LP_CAN1_RX0_IRQHandler
                0x00000000080003a4       0x14 ./Core/Src/stm32f1xx_it.o
                0x00000000080003a4                USB_LP_CAN1_RX0_IRQHandler
 .text.SystemInit
                0x00000000080003b8        0xc ./Core/Src/system_stm32f1xx.o
                0x00000000080003b8                SystemInit
 .text.Reset_Handler
                0x00000000080003c4       0x48 ./Core/Startup/startup_stm32f103c8tx.o
                0x00000000080003c4                Reset_Handler
 .text.Default_Handler
                0x000000000800040c        0x2 ./Core/Startup/startup_stm32f103c8tx.o
                0x000000000800040c                RTC_Alarm_IRQHandler
                0x000000000800040c                EXTI2_IRQHandler
                0x000000000800040c                TIM1_CC_IRQHandler
                0x000000000800040c                PVD_IRQHandler
                0x000000000800040c                EXTI3_IRQHandler
                0x000000000800040c                EXTI0_IRQHandler
                0x000000000800040c                I2C2_EV_IRQHandler
                0x000000000800040c                ADC1_2_IRQHandler
                0x000000000800040c                SPI1_IRQHandler
                0x000000000800040c                TAMPER_IRQHandler
                0x000000000800040c                DMA1_Channel4_IRQHandler
                0x000000000800040c                USART3_IRQHandler
                0x000000000800040c                RTC_IRQHandler
                0x000000000800040c                DMA1_Channel7_IRQHandler
                0x000000000800040c                CAN1_RX1_IRQHandler
                0x000000000800040c                TIM4_IRQHandler
                0x000000000800040c                I2C1_EV_IRQHandler
                0x000000000800040c                DMA1_Channel6_IRQHandler
                0x000000000800040c                TIM3_IRQHandler
                0x000000000800040c                RCC_IRQHandler
                0x000000000800040c                TIM1_TRG_COM_IRQHandler
                0x000000000800040c                DMA1_Channel1_IRQHandler
                0x000000000800040c                Default_Handler
                0x000000000800040c                EXTI15_10_IRQHandler
                0x000000000800040c                EXTI9_5_IRQHandler
                0x000000000800040c                SPI2_IRQHandler
                0x000000000800040c                DMA1_Channel5_IRQHandler
                0x000000000800040c                EXTI4_IRQHandler
                0x000000000800040c                USB_HP_CAN1_TX_IRQHandler
                0x000000000800040c                DMA1_Channel3_IRQHandler
                0x000000000800040c                TIM1_UP_IRQHandler
                0x000000000800040c                WWDG_IRQHandler
                0x000000000800040c                TIM2_IRQHandler
                0x000000000800040c                TIM1_BRK_IRQHandler
                0x000000000800040c                EXTI1_IRQHandler
                0x000000000800040c                USART2_IRQHandler
                0x000000000800040c                I2C2_ER_IRQHandler
                0x000000000800040c                DMA1_Channel2_IRQHandler
                0x000000000800040c                CAN1_SCE_IRQHandler
                0x000000000800040c                FLASH_IRQHandler
                0x000000000800040c                USART1_IRQHandler
                0x000000000800040c                I2C1_ER_IRQHandler
                0x000000000800040c                USBWakeUp_IRQHandler
 *fill*         0x000000000800040e        0x2 
 .text.HAL_Init
                0x0000000008000410       0x2c ./Drivers/STM32F1xx_HAL_Driver/Src/stm32f1xx_hal.o
                0x0000000008000410                HAL_Init
 .text.HAL_InitTick
                0x000000000800043c       0x60 ./Drivers/STM32F1xx_HAL_Driver/Src/stm32f1xx_hal.o
                0x000000000800043c                HAL_InitTick
 .text.HAL_IncTick
                0x000000000800049c       0x24 ./Drivers/STM32F1xx_HAL_Driver/Src/stm32f1xx_hal.o
                0x000000000800049c                HAL_IncTick
 .text.HAL_GetTick
                0x00000000080004c0       0x14 ./Drivers/STM32F1xx_HAL_Driver/Src/stm32f1xx_hal.o
                0x00000000080004c0                HAL_GetTick
 .text.HAL_Delay
                0x00000000080004d4       0x48 ./Drivers/STM32F1xx_HAL_Driver/Src/stm32f1xx_hal.o
                0x00000000080004d4                HAL_Delay
 .text.__NVIC_SetPriorityGrouping
                0x000000000800051c       0x48 ./Drivers/STM32F1xx_HAL_Driver/Src/stm32f1xx_hal_cortex.o
 .text.__NVIC_GetPriorityGrouping
                0x0000000008000564       0x1c ./Drivers/STM32F1xx_HAL_Driver/Src/stm32f1xx_hal_cortex.o
 .text.__NVIC_EnableIRQ
                0x0000000008000580       0x38 ./Drivers/STM32F1xx_HAL_Driver/Src/stm32f1xx_hal_cortex.o
 .text.__NVIC_SetPriority
                0x00000000080005b8       0x54 ./Drivers/STM32F1xx_HAL_Driver/Src/stm32f1xx_hal_cortex.o
 .text.NVIC_EncodePriority
                0x000000000800060c       0x64 ./Drivers/STM32F1xx_HAL_Driver/Src/stm32f1xx_hal_cortex.o
 .text.SysTick_Config
                0x0000000008000670       0x44 ./Drivers/STM32F1xx_HAL_Driver/Src/stm32f1xx_hal_cortex.o
 .text.HAL_NVIC_SetPriorityGrouping
                0x00000000080006b4       0x16 ./Drivers/STM32F1xx_HAL_Driver/Src/stm32f1xx_hal_cortex.o
                0x00000000080006b4                HAL_NVIC_SetPriorityGrouping
 .text.HAL_NVIC_SetPriority
                0x00000000080006ca       0x38 ./Drivers/STM32F1xx_HAL_Driver/Src/stm32f1xx_hal_cortex.o
                0x00000000080006ca                HAL_NVIC_SetPriority
 .text.HAL_NVIC_EnableIRQ
                0x0000000008000702       0x1c ./Drivers/STM32F1xx_HAL_Driver/Src/stm32f1xx_hal_cortex.o
                0x0000000008000702                HAL_NVIC_EnableIRQ
 .text.HAL_SYSTICK_Config
                0x000000000800071e       0x18 ./Drivers/STM32F1xx_HAL_Driver/Src/stm32f1xx_hal_cortex.o
                0x000000000800071e                HAL_SYSTICK_Config
 *fill*         0x0000000008000736        0x2 
 .text.HAL_GPIO_Init
                0x0000000008000738      0x308 ./Drivers/STM32F1xx_HAL_Driver/Src/stm32f1xx_hal_gpio.o
                0x0000000008000738                HAL_GPIO_Init
 .text.HAL_GPIO_WritePin
                0x0000000008000a40       0x30 ./Drivers/STM32F1xx_HAL_Driver/Src/stm32f1xx_hal_gpio.o
                0x0000000008000a40                HAL_GPIO_WritePin
 .text.HAL_PCD_Init
                0x0000000008000a70      0x216 ./Drivers/STM32F1xx_HAL_Driver/Src/stm32f1xx_hal_pcd.o
                0x0000000008000a70                HAL_PCD_Init
 .text.HAL_PCD_Start
                0x0000000008000c86       0x4c ./Drivers/STM32F1xx_HAL_Driver/Src/stm32f1xx_hal_pcd.o
                0x0000000008000c86                HAL_PCD_Start
 .text.HAL_PCD_IRQHandler
                0x0000000008000cd2      0x2a6 ./Drivers/STM32F1xx_HAL_Driver/Src/stm32f1xx_hal_pcd.o
                0x0000000008000cd2                HAL_PCD_IRQHandler
 .text.HAL_PCD_SetAddress
                0x0000000008000f78       0x4a ./Drivers/STM32F1xx_HAL_Driver/Src/stm32f1xx_hal_pcd.o
                0x0000000008000f78                HAL_PCD_SetAddress
 .text.HAL_PCD_EP_Open
                0x0000000008000fc2       0xcc ./Drivers/STM32F1xx_HAL_Driver/Src/stm32f1xx_hal_pcd.o
                0x0000000008000fc2                HAL_PCD_EP_Open
 .text.HAL_PCD_EP_Close
                0x000000000800108e       0x90 ./Drivers/STM32F1xx_HAL_Driver/Src/stm32f1xx_hal_pcd.o
                0x000000000800108e                HAL_PCD_EP_Close
 .text.HAL_PCD_EP_Receive
                0x000000000800111e       0x7a ./Drivers/STM32F1xx_HAL_Driver/Src/stm32f1xx_hal_pcd.o
                0x000000000800111e                HAL_PCD_EP_Receive
 .text.HAL_PCD_EP_GetRxCount
                0x0000000008001198       0x2e ./Drivers/STM32F1xx_HAL_Driver/Src/stm32f1xx_hal_pcd.o
                0x0000000008001198                HAL_PCD_EP_GetRxCount
 .text.HAL_PCD_EP_Transmit
                0x00000000080011c6       0x86 ./Drivers/STM32F1xx_HAL_Driver/Src/stm32f1xx_hal_pcd.o
                0x00000000080011c6                HAL_PCD_EP_Transmit
 .text.HAL_PCD_EP_SetStall
                0x000000000800124c       0xc0 ./Drivers/STM32F1xx_HAL_Driver/Src/stm32f1xx_hal_pcd.o
                0x000000000800124c                HAL_PCD_EP_SetStall
 .text.HAL_PCD_EP_ClrStall
                0x000000000800130c       0xa8 ./Drivers/STM32F1xx_HAL_Driver/Src/stm32f1xx_hal_pcd.o
                0x000000000800130c                HAL_PCD_EP_ClrStall
 .text.PCD_EP_ISR_Handler
                0x00000000080013b4      0x600 ./Drivers/STM32F1xx_HAL_Driver/Src/stm32f1xx_hal_pcd.o
 .text.HAL_PCD_EP_DB_Receive
                0x00000000080019b4      0x21a ./Drivers/STM32F1xx_HAL_Driver/Src/stm32f1xx_hal_pcd.o
 .text.HAL_PCD_EP_DB_Transmit
                0x0000000008001bce      0x7a4 ./Drivers/STM32F1xx_HAL_Driver/Src/stm32f1xx_hal_pcd.o
 .text.HAL_PCDEx_PMAConfig
                0x0000000008002372       0x84 ./Drivers/STM32F1xx_HAL_Driver/Src/stm32f1xx_hal_pcd_ex.o
                0x0000000008002372                HAL_PCDEx_PMAConfig
 *fill*         0x00000000080023f6        0x2 
 .text.HAL_RCC_OscConfig
                0x00000000080023f8      0x504 ./Drivers/STM32F1xx_HAL_Driver/Src/stm32f1xx_hal_rcc.o
                0x00000000080023f8                HAL_RCC_OscConfig
 .text.HAL_RCC_ClockConfig
                0x00000000080028fc      0x1d4 ./Drivers/STM32F1xx_HAL_Driver/Src/stm32f1xx_hal_rcc.o
                0x00000000080028fc                HAL_RCC_ClockConfig
 .text.HAL_RCC_GetSysClockFreq
                0x0000000008002ad0       0xbc ./Drivers/STM32F1xx_HAL_Driver/Src/stm32f1xx_hal_rcc.o
                0x0000000008002ad0                HAL_RCC_GetSysClockFreq
 .text.RCC_Delay
                0x0000000008002b8c       0x3c ./Drivers/STM32F1xx_HAL_Driver/Src/stm32f1xx_hal_rcc.o
 .text.HAL_RCCEx_PeriphCLKConfig
                0x0000000008002bc8      0x16c ./Drivers/STM32F1xx_HAL_Driver/Src/stm32f1xx_hal_rcc_ex.o
                0x0000000008002bc8                HAL_RCCEx_PeriphCLKConfig
 .text.USB_CoreInit
                0x0000000008002d34       0x20 ./Drivers/STM32F1xx_HAL_Driver/Src/stm32f1xx_ll_usb.o
                0x0000000008002d34                USB_CoreInit
 .text.USB_EnableGlobalInt
                0x0000000008002d54       0x2c ./Drivers/STM32F1xx_HAL_Driver/Src/stm32f1xx_ll_usb.o
                0x0000000008002d54                USB_EnableGlobalInt
 .text.USB_DisableGlobalInt
                0x0000000008002d80       0x34 ./Drivers/STM32F1xx_HAL_Driver/Src/stm32f1xx_ll_usb.o
                0x0000000008002d80                USB_DisableGlobalInt
 .text.USB_SetCurrentMode
                0x0000000008002db4       0x18 ./Drivers/STM32F1xx_HAL_Driver/Src/stm32f1xx_ll_usb.o
                0x0000000008002db4                USB_SetCurrentMode
 .text.USB_DevInit
                0x0000000008002dcc       0x40 ./Drivers/STM32F1xx_HAL_Driver/Src/stm32f1xx_ll_usb.o
                0x0000000008002dcc                USB_DevInit
 .text.USB_ActivateEndpoint
                0x0000000008002e0c      0x6d4 ./Drivers/STM32F1xx_HAL_Driver/Src/stm32f1xx_ll_usb.o
                0x0000000008002e0c                USB_ActivateEndpoint
 .text.USB_DeactivateEndpoint
                0x00000000080034e0      0x3d8 ./Drivers/STM32F1xx_HAL_Driver/Src/stm32f1xx_ll_usb.o
                0x00000000080034e0                USB_DeactivateEndpoint
 .text.USB_EPStartXfer
                0x00000000080038b8     0x1c70 ./Drivers/STM32F1xx_HAL_Driver/Src/stm32f1xx_ll_usb.o
                0x00000000080038b8                USB_EPStartXfer
 .text.USB_EPSetStall
                0x0000000008005528       0xa0 ./Drivers/STM32F1xx_HAL_Driver/Src/stm32f1xx_ll_usb.o
                0x0000000008005528                USB_EPSetStall
 .text.USB_EPClearStall
                0x00000000080055c8      0x15a ./Drivers/STM32F1xx_HAL_Driver/Src/stm32f1xx_ll_usb.o
                0x00000000080055c8                USB_EPClearStall
 .text.USB_SetDevAddress
                0x0000000008005722       0x26 ./Drivers/STM32F1xx_HAL_Driver/Src/stm32f1xx_ll_usb.o
                0x0000000008005722                USB_SetDevAddress
 .text.USB_DevConnect
                0x0000000008005748       0x14 ./Drivers/STM32F1xx_HAL_Driver/Src/stm32f1xx_ll_usb.o
                0x0000000008005748                USB_DevConnect
 .text.USB_DevDisconnect
                0x000000000800575c       0x14 ./Drivers/STM32F1xx_HAL_Driver/Src/stm32f1xx_ll_usb.o
                0x000000000800575c                USB_DevDisconnect
 .text.USB_ReadInterrupts
                0x0000000008005770       0x1e ./Drivers/STM32F1xx_HAL_Driver/Src/stm32f1xx_ll_usb.o
                0x0000000008005770                USB_ReadInterrupts
 .text.USB_EP0_OutStart
                0x000000000800578e       0x16 ./Drivers/STM32F1xx_HAL_Driver/Src/stm32f1xx_ll_usb.o
                0x000000000800578e                USB_EP0_OutStart
 .text.USB_WritePMA
                0x00000000080057a4       0x8a ./Drivers/STM32F1xx_HAL_Driver/Src/stm32f1xx_ll_usb.o
                0x00000000080057a4                USB_WritePMA
 .text.USB_ReadPMA
                0x000000000800582e       0x9e ./Drivers/STM32F1xx_HAL_Driver/Src/stm32f1xx_ll_usb.o
                0x000000000800582e                USB_ReadPMA
 .text.USBD_CDC_Init
                0x00000000080058cc       0xf4 ./Middlewares/ST/STM32_USB_Device_Library/Class/CDC/Src/usbd_cdc.o
 .text.USBD_CDC_DeInit
                0x00000000080059c0       0x6e ./Middlewares/ST/STM32_USB_Device_Library/Class/CDC/Src/usbd_cdc.o
 .text.USBD_CDC_Setup
                0x0000000008005a2e      0x146 ./Middlewares/ST/STM32_USB_Device_Library/Class/CDC/Src/usbd_cdc.o
 .text.USBD_CDC_DataIn
                0x0000000008005b74       0xa6 ./Middlewares/ST/STM32_USB_Device_Library/Class/CDC/Src/usbd_cdc.o
 .text.USBD_CDC_DataOut
                0x0000000008005c1a       0x56 ./Middlewares/ST/STM32_USB_Device_Library/Class/CDC/Src/usbd_cdc.o
 .text.USBD_CDC_EP0_RxReady
                0x0000000008005c70       0x50 ./Middlewares/ST/STM32_USB_Device_Library/Class/CDC/Src/usbd_cdc.o
 .text.USBD_CDC_GetFSCfgDesc
                0x0000000008005cc0       0x20 ./Middlewares/ST/STM32_USB_Device_Library/Class/CDC/Src/usbd_cdc.o
 .text.USBD_CDC_GetHSCfgDesc
                0x0000000008005ce0       0x20 ./Middlewares/ST/STM32_USB_Device_Library/Class/CDC/Src/usbd_cdc.o
 .text.USBD_CDC_GetOtherSpeedCfgDesc
                0x0000000008005d00       0x20 ./Middlewares/ST/STM32_USB_Device_Library/Class/CDC/Src/usbd_cdc.o
 .text.USBD_CDC_GetDeviceQualifierDescriptor
                0x0000000008005d20       0x20 ./Middlewares/ST/STM32_USB_Device_Library/Class/CDC/Src/usbd_cdc.o
                0x0000000008005d20                USBD_CDC_GetDeviceQualifierDescriptor
 .text.USBD_CDC_RegisterInterface
                0x0000000008005d40       0x2c ./Middlewares/ST/STM32_USB_Device_Library/Class/CDC/Src/usbd_cdc.o
                0x0000000008005d40                USBD_CDC_RegisterInterface
 .text.USBD_CDC_SetTxBuffer
                0x0000000008005d6c       0x32 ./Middlewares/ST/STM32_USB_Device_Library/Class/CDC/Src/usbd_cdc.o
                0x0000000008005d6c                USBD_CDC_SetTxBuffer
 .text.USBD_CDC_SetRxBuffer
                0x0000000008005d9e       0x26 ./Middlewares/ST/STM32_USB_Device_Library/Class/CDC/Src/usbd_cdc.o
                0x0000000008005d9e                USBD_CDC_SetRxBuffer
 .text.USBD_CDC_TransmitPacket
                0x0000000008005dc4       0x5e ./Middlewares/ST/STM32_USB_Device_Library/Class/CDC/Src/usbd_cdc.o
                0x0000000008005dc4                USBD_CDC_TransmitPacket
 .text.USBD_CDC_ReceivePacket
                0x0000000008005e22       0x54 ./Middlewares/ST/STM32_USB_Device_Library/Class/CDC/Src/usbd_cdc.o
                0x0000000008005e22                USBD_CDC_ReceivePacket
 .text.USBD_Init
                0x0000000008005e76       0x56 ./Middlewares/ST/STM32_USB_Device_Library/Core/Src/usbd_core.o
                0x0000000008005e76                USBD_Init
 .text.USBD_RegisterClass
                0x0000000008005ecc       0x32 ./Middlewares/ST/STM32_USB_Device_Library/Core/Src/usbd_core.o
                0x0000000008005ecc                USBD_RegisterClass
 .text.USBD_Start
                0x0000000008005efe       0x18 ./Middlewares/ST/STM32_USB_Device_Library/Core/Src/usbd_core.o
                0x0000000008005efe                USBD_Start
 .text.USBD_RunTestMode
                0x0000000008005f16       0x14 ./Middlewares/ST/STM32_USB_Device_Library/Core/Src/usbd_core.o
                0x0000000008005f16                USBD_RunTestMode
 .text.USBD_SetClassConfig
                0x0000000008005f2a       0x3e ./Middlewares/ST/STM32_USB_Device_Library/Core/Src/usbd_core.o
                0x0000000008005f2a                USBD_SetClassConfig
 .text.USBD_ClrClassConfig
                0x0000000008005f68       0x26 ./Middlewares/ST/STM32_USB_Device_Library/Core/Src/usbd_core.o
                0x0000000008005f68                USBD_ClrClassConfig
 .text.USBD_LL_SetupStage
                0x0000000008005f8e       0x9a ./Middlewares/ST/STM32_USB_Device_Library/Core/Src/usbd_core.o
                0x0000000008005f8e                USBD_LL_SetupStage
 .text.USBD_LL_DataOutStage
                0x0000000008006028       0xe2 ./Middlewares/ST/STM32_USB_Device_Library/Core/Src/usbd_core.o
                0x0000000008006028                USBD_LL_DataOutStage
 .text.USBD_LL_DataInStage
                0x000000000800610a      0x14a ./Middlewares/ST/STM32_USB_Device_Library/Core/Src/usbd_core.o
                0x000000000800610a                USBD_LL_DataInStage
 .text.USBD_LL_Reset
                0x0000000008006254       0x82 ./Middlewares/ST/STM32_USB_Device_Library/Core/Src/usbd_core.o
                0x0000000008006254                USBD_LL_Reset
 .text.USBD_LL_SetSpeed
                0x00000000080062d6       0x1e ./Middlewares/ST/STM32_USB_Device_Library/Core/Src/usbd_core.o
                0x00000000080062d6                USBD_LL_SetSpeed
 .text.USBD_LL_Suspend
                0x00000000080062f4       0x28 ./Middlewares/ST/STM32_USB_Device_Library/Core/Src/usbd_core.o
                0x00000000080062f4                USBD_LL_Suspend
 .text.USBD_LL_Resume
                0x000000000800631c       0x2a ./Middlewares/ST/STM32_USB_Device_Library/Core/Src/usbd_core.o
                0x000000000800631c                USBD_LL_Resume
 .text.USBD_LL_SOF
                0x0000000008006346       0x34 ./Middlewares/ST/STM32_USB_Device_Library/Core/Src/usbd_core.o
                0x0000000008006346                USBD_LL_SOF
 *fill*         0x000000000800637a        0x2 
 .text.USBD_StdDevReq
                0x000000000800637c       0xd4 ./Middlewares/ST/STM32_USB_Device_Library/Core/Src/usbd_ctlreq.o
                0x000000000800637c                USBD_StdDevReq
 .text.USBD_StdItfReq
                0x0000000008006450       0x90 ./Middlewares/ST/STM32_USB_Device_Library/Core/Src/usbd_ctlreq.o
                0x0000000008006450                USBD_StdItfReq
 .text.USBD_StdEPReq
                0x00000000080064e0      0x2c6 ./Middlewares/ST/STM32_USB_Device_Library/Core/Src/usbd_ctlreq.o
                0x00000000080064e0                USBD_StdEPReq
 *fill*         0x00000000080067a6        0x2 
 .text.USBD_GetDescriptor
                0x00000000080067a8      0x2d0 ./Middlewares/ST/STM32_USB_Device_Library/Core/Src/usbd_ctlreq.o
 .text.USBD_SetAddress
                0x0000000008006a78       0x86 ./Middlewares/ST/STM32_USB_Device_Library/Core/Src/usbd_ctlreq.o
 *fill*         0x0000000008006afe        0x2 
 .text.USBD_SetConfig
                0x0000000008006b00      0x11c ./Middlewares/ST/STM32_USB_Device_Library/Core/Src/usbd_ctlreq.o
 .text.USBD_GetConfig
                0x0000000008006c1c       0x6a ./Middlewares/ST/STM32_USB_Device_Library/Core/Src/usbd_ctlreq.o
 .text.USBD_GetStatus
                0x0000000008006c86       0x66 ./Middlewares/ST/STM32_USB_Device_Library/Core/Src/usbd_ctlreq.o
 .text.USBD_SetFeature
                0x0000000008006cec       0x28 ./Middlewares/ST/STM32_USB_Device_Library/Core/Src/usbd_ctlreq.o
 .text.USBD_ClrFeature
                0x0000000008006d14       0x42 ./Middlewares/ST/STM32_USB_Device_Library/Core/Src/usbd_ctlreq.o
 .text.USBD_ParseSetupRequest
                0x0000000008006d56       0x78 ./Middlewares/ST/STM32_USB_Device_Library/Core/Src/usbd_ctlreq.o
                0x0000000008006d56                USBD_ParseSetupRequest
 .text.USBD_CtlError
                0x0000000008006dce       0x22 ./Middlewares/ST/STM32_USB_Device_Library/Core/Src/usbd_ctlreq.o
                0x0000000008006dce                USBD_CtlError
 .text.USBD_GetString
                0x0000000008006df0       0x84 ./Middlewares/ST/STM32_USB_Device_Library/Core/Src/usbd_ctlreq.o
                0x0000000008006df0                USBD_GetString
 .text.USBD_GetLen
                0x0000000008006e74       0x2e ./Middlewares/ST/STM32_USB_Device_Library/Core/Src/usbd_ctlreq.o
 .text.USBD_CtlSendData
                0x0000000008006ea2       0x38 ./Middlewares/ST/STM32_USB_Device_Library/Core/Src/usbd_ioreq.o
                0x0000000008006ea2                USBD_CtlSendData
 .text.USBD_CtlContinueSendData
                0x0000000008006eda       0x24 ./Middlewares/ST/STM32_USB_Device_Library/Core/Src/usbd_ioreq.o
                0x0000000008006eda                USBD_CtlContinueSendData
 .text.USBD_CtlPrepareRx
                0x0000000008006efe       0x3c ./Middlewares/ST/STM32_USB_Device_Library/Core/Src/usbd_ioreq.o
                0x0000000008006efe                USBD_CtlPrepareRx
 .text.USBD_CtlContinueRx
                0x0000000008006f3a       0x24 ./Middlewares/ST/STM32_USB_Device_Library/Core/Src/usbd_ioreq.o
                0x0000000008006f3a                USBD_CtlContinueRx
 .text.USBD_CtlSendStatus
                0x0000000008006f5e       0x26 ./Middlewares/ST/STM32_USB_Device_Library/Core/Src/usbd_ioreq.o
                0x0000000008006f5e                USBD_CtlSendStatus
 .text.USBD_CtlReceiveStatus
                0x0000000008006f84       0x26 ./Middlewares/ST/STM32_USB_Device_Library/Core/Src/usbd_ioreq.o
                0x0000000008006f84                USBD_CtlReceiveStatus
 *fill*         0x0000000008006faa        0x2 
 .text.MX_USB_DEVICE_Init
                0x0000000008006fac       0x60 ./USB_DEVICE/App/usb_device.o
                0x0000000008006fac                MX_USB_DEVICE_Init
 .text.CDC_Init_FS
                0x000000000800700c       0x28 ./USB_DEVICE/App/usbd_cdc_if.o
 .text.CDC_DeInit_FS
                0x0000000008007034        0xe ./USB_DEVICE/App/usbd_cdc_if.o
 *fill*         0x0000000008007042        0x2 
 .text.CDC_Control_FS
                0x0000000008007044       0xbc ./USB_DEVICE/App/usbd_cdc_if.o
 .text.CDC_Receive_FS
                0x0000000008007100       0x70 ./USB_DEVICE/App/usbd_cdc_if.o
 .text.CDC_Transmit_FS
                0x0000000008007170       0x4c ./USB_DEVICE/App/usbd_cdc_if.o
                0x0000000008007170                CDC_Transmit_FS
 .text.USBD_FS_DeviceDescriptor
                0x00000000080071bc       0x24 ./USB_DEVICE/App/usbd_desc.o
                0x00000000080071bc                USBD_FS_DeviceDescriptor
 .text.USBD_FS_LangIDStrDescriptor
                0x00000000080071e0       0x24 ./USB_DEVICE/App/usbd_desc.o
                0x00000000080071e0                USBD_FS_LangIDStrDescriptor
 .text.USBD_FS_ProductStrDescriptor
                0x0000000008007204       0x3c ./USB_DEVICE/App/usbd_desc.o
                0x0000000008007204                USBD_FS_ProductStrDescriptor
 .text.USBD_FS_ManufacturerStrDescriptor
                0x0000000008007240       0x28 ./USB_DEVICE/App/usbd_desc.o
                0x0000000008007240                USBD_FS_ManufacturerStrDescriptor
 .text.USBD_FS_SerialStrDescriptor
                0x0000000008007268       0x24 ./USB_DEVICE/App/usbd_desc.o
                0x0000000008007268                USBD_FS_SerialStrDescriptor
 .text.USBD_FS_ConfigStrDescriptor
                0x000000000800728c       0x3c ./USB_DEVICE/App/usbd_desc.o
                0x000000000800728c                USBD_FS_ConfigStrDescriptor
 .text.USBD_FS_InterfaceStrDescriptor
                0x00000000080072c8       0x3c ./USB_DEVICE/App/usbd_desc.o
                0x00000000080072c8                USBD_FS_InterfaceStrDescriptor
 .text.Get_SerialNum
                0x0000000008007304       0x58 ./USB_DEVICE/App/usbd_desc.o
 .text.IntToUnicode
                0x000000000800735c       0x7c ./USB_DEVICE/App/usbd_desc.o
 .text.HAL_PCD_MspInit
                0x00000000080073d8       0x4c ./USB_DEVICE/Target/usbd_conf.o
                0x00000000080073d8                HAL_PCD_MspInit
 .text.HAL_PCD_SetupStageCallback
                0x0000000008007424       0x24 ./USB_DEVICE/Target/usbd_conf.o
                0x0000000008007424                HAL_PCD_SetupStageCallback
 .text.HAL_PCD_DataOutStageCallback
                0x0000000008007448       0x36 ./USB_DEVICE/Target/usbd_conf.o
                0x0000000008007448                HAL_PCD_DataOutStageCallback
 .text.HAL_PCD_DataInStageCallback
                0x000000000800747e       0x34 ./USB_DEVICE/Target/usbd_conf.o
                0x000000000800747e                HAL_PCD_DataInStageCallback
 .text.HAL_PCD_SOFCallback
                0x00000000080074b2       0x1c ./USB_DEVICE/Target/usbd_conf.o
                0x00000000080074b2                HAL_PCD_SOFCallback
 .text.HAL_PCD_ResetCallback
                0x00000000080074ce       0x3c ./USB_DEVICE/Target/usbd_conf.o
                0x00000000080074ce                HAL_PCD_ResetCallback
 *fill*         0x000000000800750a        0x2 
 .text.HAL_PCD_SuspendCallback
                0x000000000800750c       0x34 ./USB_DEVICE/Target/usbd_conf.o
                0x000000000800750c                HAL_PCD_SuspendCallback
 .text.HAL_PCD_ResumeCallback
                0x0000000008007540       0x1c ./USB_DEVICE/Target/usbd_conf.o
                0x0000000008007540                HAL_PCD_ResumeCallback
 .text.USBD_LL_Init
                0x000000000800755c       0xb4 ./USB_DEVICE/Target/usbd_conf.o
                0x000000000800755c                USBD_LL_Init
 .text.USBD_LL_Start
                0x0000000008007610       0x36 ./USB_DEVICE/Target/usbd_conf.o
                0x0000000008007610                USBD_LL_Start
 .text.USBD_LL_OpenEP
                0x0000000008007646       0x4c ./USB_DEVICE/Target/usbd_conf.o
                0x0000000008007646                USBD_LL_OpenEP
 .text.USBD_LL_CloseEP
                0x0000000008007692       0x3e ./USB_DEVICE/Target/usbd_conf.o
                0x0000000008007692                USBD_LL_CloseEP
 .text.USBD_LL_StallEP
                0x00000000080076d0       0x3e ./USB_DEVICE/Target/usbd_conf.o
                0x00000000080076d0                USBD_LL_StallEP
 .text.USBD_LL_ClearStallEP
                0x000000000800770e       0x3e ./USB_DEVICE/Target/usbd_conf.o
                0x000000000800770e                USBD_LL_ClearStallEP
 .text.USBD_LL_IsStallEP
                0x000000000800774c       0x58 ./USB_DEVICE/Target/usbd_conf.o
                0x000000000800774c                USBD_LL_IsStallEP
 .text.USBD_LL_SetUSBAddress
                0x00000000080077a4       0x3e ./USB_DEVICE/Target/usbd_conf.o
                0x00000000080077a4                USBD_LL_SetUSBAddress
 .text.USBD_LL_Transmit
                0x00000000080077e2       0x46 ./USB_DEVICE/Target/usbd_conf.o
                0x00000000080077e2                USBD_LL_Transmit
 .text.USBD_LL_PrepareReceive
                0x0000000008007828       0x46 ./USB_DEVICE/Target/usbd_conf.o
                0x0000000008007828                USBD_LL_PrepareReceive
 .text.USBD_LL_GetRxDataSize
                0x000000000800786e       0x26 ./USB_DEVICE/Target/usbd_conf.o
                0x000000000800786e                USBD_LL_GetRxDataSize
 .text.USBD_static_malloc
                0x0000000008007894       0x18 ./USB_DEVICE/Target/usbd_conf.o
                0x0000000008007894                USBD_static_malloc
 .text.USBD_static_free
                0x00000000080078ac       0x12 ./USB_DEVICE/Target/usbd_conf.o
                0x00000000080078ac                USBD_static_free
 .text.HAL_PCDEx_SetConnectionState
                0x00000000080078be       0x16 ./USB_DEVICE/Target/usbd_conf.o
                0x00000000080078be                HAL_PCDEx_SetConnectionState
 .text.USBD_Get_USB_Status
                0x00000000080078d4       0x58 ./USB_DEVICE/Target/usbd_conf.o
 .text.__libc_init_array
                0x000000000800792c       0x48 /opt/st/stm32cubeide_1.9.0/plugins/com.st.stm32cube.ide.mcu.externaltools.gnu-tools-for-stm32.10.3-2021.10.linux64_1.0.0.202111181127/tools/bin/../lib/gcc/arm-none-eabi/10.3.1/../../../../arm-none-eabi/lib/thumb/v7-m/nofp/libc_nano.a(lib_a-init.o)
                0x000000000800792c                __libc_init_array
 .text.memset   0x0000000008007974       0x10 /opt/st/stm32cubeide_1.9.0/plugins/com.st.stm32cube.ide.mcu.externaltools.gnu-tools-for-stm32.10.3-2021.10.linux64_1.0.0.202111181127/tools/bin/../lib/gcc/arm-none-eabi/10.3.1/../../../../arm-none-eabi/lib/thumb/v7-m/nofp/libc_nano.a(lib_a-memset.o)
                0x0000000008007974                memset
 *(.glue_7)
 .glue_7        0x0000000008007984        0x0 linker stubs
 *(.glue_7t)
 .glue_7t       0x0000000008007984        0x0 linker stubs
 *(.eh_frame)
 .eh_frame      0x0000000008007984        0x0 /opt/st/stm32cubeide_1.9.0/plugins/com.st.stm32cube.ide.mcu.externaltools.gnu-tools-for-stm32.10.3-2021.10.linux64_1.0.0.202111181127/tools/bin/../lib/gcc/arm-none-eabi/10.3.1/thumb/v7-m/nofp/crtbegin.o
 *(.init)
 .init          0x0000000008007984        0x4 /opt/st/stm32cubeide_1.9.0/plugins/com.st.stm32cube.ide.mcu.externaltools.gnu-tools-for-stm32.10.3-2021.10.linux64_1.0.0.202111181127/tools/bin/../lib/gcc/arm-none-eabi/10.3.1/thumb/v7-m/nofp/crti.o
                0x0000000008007984                _init
 .init          0x0000000008007988        0x8 /opt/st/stm32cubeide_1.9.0/plugins/com.st.stm32cube.ide.mcu.externaltools.gnu-tools-for-stm32.10.3-2021.10.linux64_1.0.0.202111181127/tools/bin/../lib/gcc/arm-none-eabi/10.3.1/thumb/v7-m/nofp/crtn.o
 *(.fini)
 .fini          0x0000000008007990        0x4 /opt/st/stm32cubeide_1.9.0/plugins/com.st.stm32cube.ide.mcu.externaltools.gnu-tools-for-stm32.10.3-2021.10.linux64_1.0.0.202111181127/tools/bin/../lib/gcc/arm-none-eabi/10.3.1/thumb/v7-m/nofp/crti.o
                0x0000000008007990                _fini
 .fini          0x0000000008007994        0x8 /opt/st/stm32cubeide_1.9.0/plugins/com.st.stm32cube.ide.mcu.externaltools.gnu-tools-for-stm32.10.3-2021.10.linux64_1.0.0.202111181127/tools/bin/../lib/gcc/arm-none-eabi/10.3.1/thumb/v7-m/nofp/crtn.o
                0x000000000800799c                . = ALIGN (0x4)
                0x000000000800799c                _etext = .

.vfp11_veneer   0x000000000800799c        0x0
 .vfp11_veneer  0x000000000800799c        0x0 linker stubs

.v4_bx          0x000000000800799c        0x0
 .v4_bx         0x000000000800799c        0x0 linker stubs

.iplt           0x000000000800799c        0x0
 .iplt          0x000000000800799c        0x0 /opt/st/stm32cubeide_1.9.0/plugins/com.st.stm32cube.ide.mcu.externaltools.gnu-tools-for-stm32.10.3-2021.10.linux64_1.0.0.202111181127/tools/bin/../lib/gcc/arm-none-eabi/10.3.1/thumb/v7-m/nofp/crtbegin.o

.rodata         0x000000000800799c       0x88
                0x000000000800799c                . = ALIGN (0x4)
 *(.rodata)
 .rodata        0x000000000800799c       0x16 ./Core/Src/main.o
 *fill*         0x00000000080079b2        0x2 
 .rodata        0x00000000080079b4       0x10 ./Drivers/STM32F1xx_HAL_Driver/Src/stm32f1xx_hal_rcc.o
 .rodata        0x00000000080079c4       0x10 ./USB_DEVICE/App/usbd_cdc_if.o
 .rodata        0x00000000080079d4       0x3e ./USB_DEVICE/App/usbd_desc.o
 *(.rodata*)
 *fill*         0x0000000008007a12        0x2 
 .rodata.AHBPrescTable
                0x0000000008007a14       0x10 ./Core/Src/system_stm32f1xx.o
                0x0000000008007a14                AHBPrescTable
                0x0000000008007a24                . = ALIGN (0x4)

.rel.dyn        0x0000000008007a24        0x0
 .rel.iplt      0x0000000008007a24        0x0 /opt/st/stm32cubeide_1.9.0/plugins/com.st.stm32cube.ide.mcu.externaltools.gnu-tools-for-stm32.10.3-2021.10.linux64_1.0.0.202111181127/tools/bin/../lib/gcc/arm-none-eabi/10.3.1/thumb/v7-m/nofp/crtbegin.o

.ARM.extab      0x0000000008007a24        0x0
                0x0000000008007a24                . = ALIGN (0x4)
 *(.ARM.extab* .gnu.linkonce.armextab.*)
                0x0000000008007a24                . = ALIGN (0x4)

.ARM            0x0000000008007a24        0x0
                0x0000000008007a24                . = ALIGN (0x4)
                0x0000000008007a24                __exidx_start = .
 *(.ARM.exidx*)
                0x0000000008007a24                __exidx_end = .
                0x0000000008007a24                . = ALIGN (0x4)

.preinit_array  0x0000000008007a24        0x0
                0x0000000008007a24                . = ALIGN (0x4)
                0x0000000008007a24                PROVIDE (__preinit_array_start = .)
 *(.preinit_array*)
                0x0000000008007a24                PROVIDE (__preinit_array_end = .)
                0x0000000008007a24                . = ALIGN (0x4)

.init_array     0x0000000008007a24        0x4
                0x0000000008007a24                . = ALIGN (0x4)
                0x0000000008007a24                PROVIDE (__init_array_start = .)
 *(SORT_BY_NAME(.init_array.*))
 *(.init_array*)
 .init_array    0x0000000008007a24        0x4 /opt/st/stm32cubeide_1.9.0/plugins/com.st.stm32cube.ide.mcu.externaltools.gnu-tools-for-stm32.10.3-2021.10.linux64_1.0.0.202111181127/tools/bin/../lib/gcc/arm-none-eabi/10.3.1/thumb/v7-m/nofp/crtbegin.o
                0x0000000008007a28                PROVIDE (__init_array_end = .)
                0x0000000008007a28                . = ALIGN (0x4)

.fini_array     0x0000000008007a28        0x4
                0x0000000008007a28                . = ALIGN (0x4)
                [!provide]                        PROVIDE (__fini_array_start = .)
 *(SORT_BY_NAME(.fini_array.*))
 *(.fini_array*)
 .fini_array    0x0000000008007a28        0x4 /opt/st/stm32cubeide_1.9.0/plugins/com.st.stm32cube.ide.mcu.externaltools.gnu-tools-for-stm32.10.3-2021.10.linux64_1.0.0.202111181127/tools/bin/../lib/gcc/arm-none-eabi/10.3.1/thumb/v7-m/nofp/crtbegin.o
                [!provide]                        PROVIDE (__fini_array_end = .)
                0x0000000008007a2c                . = ALIGN (0x4)
                0x0000000008007a2c                _sidata = LOADADDR (.data)

.data           0x0000000020000000      0x180 load address 0x0000000008007a2c
                0x0000000020000000                . = ALIGN (0x4)
                0x0000000020000000                _sdata = .
 *(.data)
 *(.data*)
 .data.data     0x0000000020000000        0x4 ./Core/Src/main.o
                0x0000000020000000                data
 .data.SystemCoreClock
                0x0000000020000004        0x4 ./Core/Src/system_stm32f1xx.o
                0x0000000020000004                SystemCoreClock
 .data.uwTickPrio
                0x0000000020000008        0x4 ./Drivers/STM32F1xx_HAL_Driver/Src/stm32f1xx_hal.o
                0x0000000020000008                uwTickPrio
 .data.uwTickFreq
                0x000000002000000c        0x1 ./Drivers/STM32F1xx_HAL_Driver/Src/stm32f1xx_hal.o
                0x000000002000000c                uwTickFreq
 *fill*         0x000000002000000d        0x3 
 .data.USBD_CDC_DeviceQualifierDesc
                0x0000000020000010        0xa ./Middlewares/ST/STM32_USB_Device_Library/Class/CDC/Src/usbd_cdc.o
 *fill*         0x000000002000001a        0x2 
 .data.USBD_CDC
                0x000000002000001c       0x38 ./Middlewares/ST/STM32_USB_Device_Library/Class/CDC/Src/usbd_cdc.o
                0x000000002000001c                USBD_CDC
 .data.USBD_CDC_CfgHSDesc
                0x0000000020000054       0x43 ./Middlewares/ST/STM32_USB_Device_Library/Class/CDC/Src/usbd_cdc.o
                0x0000000020000054                USBD_CDC_CfgHSDesc
 *fill*         0x0000000020000097        0x1 
 .data.USBD_CDC_CfgFSDesc
                0x0000000020000098       0x43 ./Middlewares/ST/STM32_USB_Device_Library/Class/CDC/Src/usbd_cdc.o
                0x0000000020000098                USBD_CDC_CfgFSDesc
 *fill*         0x00000000200000db        0x1 
 .data.USBD_CDC_OtherSpeedCfgDesc
                0x00000000200000dc       0x43 ./Middlewares/ST/STM32_USB_Device_Library/Class/CDC/Src/usbd_cdc.o
                0x00000000200000dc                USBD_CDC_OtherSpeedCfgDesc
 *fill*         0x000000002000011f        0x1 
 .data.USBD_Interface_fops_FS
                0x0000000020000120       0x10 ./USB_DEVICE/App/usbd_cdc_if.o
                0x0000000020000120                USBD_Interface_fops_FS
 .data.FS_Desc  0x0000000020000130       0x1c ./USB_DEVICE/App/usbd_desc.o
                0x0000000020000130                FS_Desc
 .data.USBD_FS_DeviceDesc
                0x000000002000014c       0x12 ./USB_DEVICE/App/usbd_desc.o
                0x000000002000014c                USBD_FS_DeviceDesc
 *fill*         0x000000002000015e        0x2 
 .data.USBD_LangIDDesc
                0x0000000020000160        0x4 ./USB_DEVICE/App/usbd_desc.o
                0x0000000020000160                USBD_LangIDDesc
 .data.USBD_StringSerial
                0x0000000020000164       0x1a ./USB_DEVICE/App/usbd_desc.o
                0x0000000020000164                USBD_StringSerial
 *(.RamFunc)
 *(.RamFunc*)
                0x0000000020000180                . = ALIGN (0x4)
 *fill*         0x000000002000017e        0x2 
                0x0000000020000180                _edata = .

.igot.plt       0x0000000020000180        0x0 load address 0x0000000008007bac
 .igot.plt      0x0000000020000180        0x0 /opt/st/stm32cubeide_1.9.0/plugins/com.st.stm32cube.ide.mcu.externaltools.gnu-tools-for-stm32.10.3-2021.10.linux64_1.0.0.202111181127/tools/bin/../lib/gcc/arm-none-eabi/10.3.1/thumb/v7-m/nofp/crtbegin.o
                0x0000000020000180                . = ALIGN (0x4)

.bss            0x0000000020000180     0x11c4 load address 0x0000000008007bac
                0x0000000020000180                _sbss = .
                0x0000000020000180                __bss_start__ = _sbss
 *(.bss)
 .bss           0x0000000020000180       0x1c /opt/st/stm32cubeide_1.9.0/plugins/com.st.stm32cube.ide.mcu.externaltools.gnu-tools-for-stm32.10.3-2021.10.linux64_1.0.0.202111181127/tools/bin/../lib/gcc/arm-none-eabi/10.3.1/thumb/v7-m/nofp/crtbegin.o
 *(.bss*)
 .bss.uwTick    0x000000002000019c        0x4 ./Drivers/STM32F1xx_HAL_Driver/Src/stm32f1xx_hal.o
                0x000000002000019c                uwTick
 .bss.cfgidx.0  0x00000000200001a0        0x1 ./Middlewares/ST/STM32_USB_Device_Library/Core/Src/usbd_ctlreq.o
 *fill*         0x00000000200001a1        0x3 
 .bss.hUsbDeviceFS
                0x00000000200001a4      0x2c4 ./USB_DEVICE/App/usb_device.o
                0x00000000200001a4                hUsbDeviceFS
 .bss.UserRxBufferFS
                0x0000000020000468      0x3e8 ./USB_DEVICE/App/usbd_cdc_if.o
                0x0000000020000468                UserRxBufferFS
 .bss.UserTxBufferFS
                0x0000000020000850      0x3e8 ./USB_DEVICE/App/usbd_cdc_if.o
                0x0000000020000850                UserTxBufferFS
 .bss.USBD_StrDesc
                0x0000000020000c38      0x200 ./USB_DEVICE/App/usbd_desc.o
                0x0000000020000c38                USBD_StrDesc
 .bss.hpcd_USB_FS
                0x0000000020000e38      0x2ec ./USB_DEVICE/Target/usbd_conf.o
                0x0000000020000e38                hpcd_USB_FS
 .bss.mem.0     0x0000000020001124      0x220 ./USB_DEVICE/Target/usbd_conf.o
 *(COMMON)
                0x0000000020001344                . = ALIGN (0x4)
                0x0000000020001344                _ebss = .
                0x0000000020001344                __bss_end__ = _ebss

._user_heap_stack
                0x0000000020001344      0x604 load address 0x0000000008007bac
                0x0000000020001348                . = ALIGN (0x8)
 *fill*         0x0000000020001344        0x4 
                [!provide]                        PROVIDE (end = .)
                0x0000000020001348                PROVIDE (_end = .)
                0x0000000020001548                . = (. + _Min_Heap_Size)
 *fill*         0x0000000020001348      0x200 
                0x0000000020001948                . = (. + _Min_Stack_Size)
 *fill*         0x0000000020001548      0x400 
                0x0000000020001948                . = ALIGN (0x8)

/DISCARD/
 libc.a(*)
 libm.a(*)
 libgcc.a(*)

.ARM.attributes
                0x0000000000000000       0x29
 *(.ARM.attributes)
 .ARM.attributes
                0x0000000000000000       0x1d /opt/st/stm32cubeide_1.9.0/plugins/com.st.stm32cube.ide.mcu.externaltools.gnu-tools-for-stm32.10.3-2021.10.linux64_1.0.0.202111181127/tools/bin/../lib/gcc/arm-none-eabi/10.3.1/thumb/v7-m/nofp/crti.o
 .ARM.attributes
                0x000000000000001d       0x2d /opt/st/stm32cubeide_1.9.0/plugins/com.st.stm32cube.ide.mcu.externaltools.gnu-tools-for-stm32.10.3-2021.10.linux64_1.0.0.202111181127/tools/bin/../lib/gcc/arm-none-eabi/10.3.1/thumb/v7-m/nofp/crtbegin.o
 .ARM.attributes
                0x000000000000004a       0x2d ./Core/Src/main.o
 .ARM.attributes
                0x0000000000000077       0x2d ./Core/Src/stm32f1xx_hal_msp.o
 .ARM.attributes
                0x00000000000000a4       0x2d ./Core/Src/stm32f1xx_it.o
 .ARM.attributes
                0x00000000000000d1       0x2d ./Core/Src/system_stm32f1xx.o
 .ARM.attributes
                0x00000000000000fe       0x21 ./Core/Startup/startup_stm32f103c8tx.o
 .ARM.attributes
                0x000000000000011f       0x2d ./Drivers/STM32F1xx_HAL_Driver/Src/stm32f1xx_hal.o
 .ARM.attributes
                0x000000000000014c       0x2d ./Drivers/STM32F1xx_HAL_Driver/Src/stm32f1xx_hal_cortex.o
 .ARM.attributes
                0x0000000000000179       0x2d ./Drivers/STM32F1xx_HAL_Driver/Src/stm32f1xx_hal_gpio.o
 .ARM.attributes
                0x00000000000001a6       0x2d ./Drivers/STM32F1xx_HAL_Driver/Src/stm32f1xx_hal_pcd.o
 .ARM.attributes
                0x00000000000001d3       0x2d ./Drivers/STM32F1xx_HAL_Driver/Src/stm32f1xx_hal_pcd_ex.o
 .ARM.attributes
                0x0000000000000200       0x2d ./Drivers/STM32F1xx_HAL_Driver/Src/stm32f1xx_hal_rcc.o
 .ARM.attributes
                0x000000000000022d       0x2d ./Drivers/STM32F1xx_HAL_Driver/Src/stm32f1xx_hal_rcc_ex.o
 .ARM.attributes
                0x000000000000025a       0x2d ./Drivers/STM32F1xx_HAL_Driver/Src/stm32f1xx_ll_usb.o
 .ARM.attributes
                0x0000000000000287       0x2d ./Middlewares/ST/STM32_USB_Device_Library/Class/CDC/Src/usbd_cdc.o
 .ARM.attributes
                0x00000000000002b4       0x2d ./Middlewares/ST/STM32_USB_Device_Library/Core/Src/usbd_core.o
 .ARM.attributes
                0x00000000000002e1       0x2d ./Middlewares/ST/STM32_USB_Device_Library/Core/Src/usbd_ctlreq.o
 .ARM.attributes
                0x000000000000030e       0x2d ./Middlewares/ST/STM32_USB_Device_Library/Core/Src/usbd_ioreq.o
 .ARM.attributes
                0x000000000000033b       0x2d ./USB_DEVICE/App/usb_device.o
 .ARM.attributes
                0x0000000000000368       0x2d ./USB_DEVICE/App/usbd_cdc_if.o
 .ARM.attributes
                0x0000000000000395       0x2d ./USB_DEVICE/App/usbd_desc.o
 .ARM.attributes
                0x00000000000003c2       0x2d ./USB_DEVICE/Target/usbd_conf.o
 .ARM.attributes
                0x00000000000003ef       0x2d /opt/st/stm32cubeide_1.9.0/plugins/com.st.stm32cube.ide.mcu.externaltools.gnu-tools-for-stm32.10.3-2021.10.linux64_1.0.0.202111181127/tools/bin/../lib/gcc/arm-none-eabi/10.3.1/../../../../arm-none-eabi/lib/thumb/v7-m/nofp/libc_nano.a(lib_a-init.o)
 .ARM.attributes
                0x000000000000041c       0x2d /opt/st/stm32cubeide_1.9.0/plugins/com.st.stm32cube.ide.mcu.externaltools.gnu-tools-for-stm32.10.3-2021.10.linux64_1.0.0.202111181127/tools/bin/../lib/gcc/arm-none-eabi/10.3.1/../../../../arm-none-eabi/lib/thumb/v7-m/nofp/libc_nano.a(lib_a-memset.o)
 .ARM.attributes
                0x0000000000000449       0x17 /opt/st/stm32cubeide_1.9.0/plugins/com.st.stm32cube.ide.mcu.externaltools.gnu-tools-for-stm32.10.3-2021.10.linux64_1.0.0.202111181127/tools/bin/../lib/gcc/arm-none-eabi/10.3.1/../../../../arm-none-eabi/lib/thumb/v7-m/nofp/libc_nano.a(lib_a-strlen.o)
 .ARM.attributes
                0x0000000000000460       0x1d /opt/st/stm32cubeide_1.9.0/plugins/com.st.stm32cube.ide.mcu.externaltools.gnu-tools-for-stm32.10.3-2021.10.linux64_1.0.0.202111181127/tools/bin/../lib/gcc/arm-none-eabi/10.3.1/thumb/v7-m/nofp/crtn.o
OUTPUT(SerialCOM.elf elf32-littlearm)
LOAD linker stubs
LOAD /opt/st/stm32cubeide_1.9.0/plugins/com.st.stm32cube.ide.mcu.externaltools.gnu-tools-for-stm32.10.3-2021.10.linux64_1.0.0.202111181127/tools/bin/../lib/gcc/arm-none-eabi/10.3.1/../../../../arm-none-eabi/lib/thumb/v7-m/nofp/libc.a
LOAD /opt/st/stm32cubeide_1.9.0/plugins/com.st.stm32cube.ide.mcu.externaltools.gnu-tools-for-stm32.10.3-2021.10.linux64_1.0.0.202111181127/tools/bin/../lib/gcc/arm-none-eabi/10.3.1/../../../../arm-none-eabi/lib/thumb/v7-m/nofp/libm.a
LOAD /opt/st/stm32cubeide_1.9.0/plugins/com.st.stm32cube.ide.mcu.externaltools.gnu-tools-for-stm32.10.3-2021.10.linux64_1.0.0.202111181127/tools/bin/../lib/gcc/arm-none-eabi/10.3.1/thumb/v7-m/nofp/libgcc.a

.debug_info     0x0000000000000000     0xc67c
 .debug_info    0x0000000000000000      0x61e ./Core/Src/main.o
 .debug_info    0x000000000000061e      0x210 ./Core/Src/stm32f1xx_hal_msp.o
 .debug_info    0x000000000000082e      0x661 ./Core/Src/stm32f1xx_it.o
 .debug_info    0x0000000000000e8f      0x23d ./Core/Src/system_stm32f1xx.o
 .debug_info    0x00000000000010cc       0x22 ./Core/Startup/startup_stm32f103c8tx.o
 .debug_info    0x00000000000010ee      0x734 ./Drivers/STM32F1xx_HAL_Driver/Src/stm32f1xx_hal.o
 .debug_info    0x0000000000001822      0xb20 ./Drivers/STM32F1xx_HAL_Driver/Src/stm32f1xx_hal_cortex.o
 .debug_info    0x0000000000002342      0x615 ./Drivers/STM32F1xx_HAL_Driver/Src/stm32f1xx_hal_gpio.o
 .debug_info    0x0000000000002957     0x16ab ./Drivers/STM32F1xx_HAL_Driver/Src/stm32f1xx_hal_pcd.o
 .debug_info    0x0000000000004002      0x728 ./Drivers/STM32F1xx_HAL_Driver/Src/stm32f1xx_hal_pcd_ex.o
 .debug_info    0x000000000000472a      0x860 ./Drivers/STM32F1xx_HAL_Driver/Src/stm32f1xx_hal_rcc.o
 .debug_info    0x0000000000004f8a      0x3e0 ./Drivers/STM32F1xx_HAL_Driver/Src/stm32f1xx_hal_rcc_ex.o
 .debug_info    0x000000000000536a     0x190d ./Drivers/STM32F1xx_HAL_Driver/Src/stm32f1xx_ll_usb.o
 .debug_info    0x0000000000006c77     0x10f1 ./Middlewares/ST/STM32_USB_Device_Library/Class/CDC/Src/usbd_cdc.o
 .debug_info    0x0000000000007d68      0xb02 ./Middlewares/ST/STM32_USB_Device_Library/Core/Src/usbd_core.o
 .debug_info    0x000000000000886a      0x9b6 ./Middlewares/ST/STM32_USB_Device_Library/Core/Src/usbd_ctlreq.o
 .debug_info    0x0000000000009220      0x715 ./Middlewares/ST/STM32_USB_Device_Library/Core/Src/usbd_ioreq.o
 .debug_info    0x0000000000009935      0x679 ./USB_DEVICE/App/usb_device.o
 .debug_info    0x0000000000009fae      0x915 ./USB_DEVICE/App/usbd_cdc_if.o
 .debug_info    0x000000000000a8c3      0x484 ./USB_DEVICE/App/usbd_desc.o
 .debug_info    0x000000000000ad47     0x1935 ./USB_DEVICE/Target/usbd_conf.o

.debug_abbrev   0x0000000000000000     0x289d
 .debug_abbrev  0x0000000000000000      0x22f ./Core/Src/main.o
 .debug_abbrev  0x000000000000022f       0xd4 ./Core/Src/stm32f1xx_hal_msp.o
 .debug_abbrev  0x0000000000000303      0x188 ./Core/Src/stm32f1xx_it.o
 .debug_abbrev  0x000000000000048b      0x13b ./Core/Src/system_stm32f1xx.o
 .debug_abbrev  0x00000000000005c6       0x12 ./Core/Startup/startup_stm32f103c8tx.o
 .debug_abbrev  0x00000000000005d8      0x1fb ./Drivers/STM32F1xx_HAL_Driver/Src/stm32f1xx_hal.o
 .debug_abbrev  0x00000000000007d3      0x2ed ./Drivers/STM32F1xx_HAL_Driver/Src/stm32f1xx_hal_cortex.o
 .debug_abbrev  0x0000000000000ac0      0x1bb ./Drivers/STM32F1xx_HAL_Driver/Src/stm32f1xx_hal_gpio.o
 .debug_abbrev  0x0000000000000c7b      0x2b9 ./Drivers/STM32F1xx_HAL_Driver/Src/stm32f1xx_hal_pcd.o
 .debug_abbrev  0x0000000000000f34      0x17f ./Drivers/STM32F1xx_HAL_Driver/Src/stm32f1xx_hal_pcd_ex.o
 .debug_abbrev  0x00000000000010b3      0x2a8 ./Drivers/STM32F1xx_HAL_Driver/Src/stm32f1xx_hal_rcc.o
 .debug_abbrev  0x000000000000135b      0x182 ./Drivers/STM32F1xx_HAL_Driver/Src/stm32f1xx_hal_rcc_ex.o
 .debug_abbrev  0x00000000000014dd      0x1cd ./Drivers/STM32F1xx_HAL_Driver/Src/stm32f1xx_ll_usb.o
 .debug_abbrev  0x00000000000016aa      0x2c0 ./Middlewares/ST/STM32_USB_Device_Library/Class/CDC/Src/usbd_cdc.o
 .debug_abbrev  0x000000000000196a      0x236 ./Middlewares/ST/STM32_USB_Device_Library/Core/Src/usbd_core.o
 .debug_abbrev  0x0000000000001ba0      0x257 ./Middlewares/ST/STM32_USB_Device_Library/Core/Src/usbd_ctlreq.o
 .debug_abbrev  0x0000000000001df7      0x183 ./Middlewares/ST/STM32_USB_Device_Library/Core/Src/usbd_ioreq.o
 .debug_abbrev  0x0000000000001f7a      0x183 ./USB_DEVICE/App/usb_device.o
 .debug_abbrev  0x00000000000020fd      0x2a1 ./USB_DEVICE/App/usbd_cdc_if.o
 .debug_abbrev  0x000000000000239e      0x1fa ./USB_DEVICE/App/usbd_desc.o
 .debug_abbrev  0x0000000000002598      0x305 ./USB_DEVICE/Target/usbd_conf.o

.debug_aranges  0x0000000000000000      0xa60
 .debug_aranges
                0x0000000000000000       0x38 ./Core/Src/main.o
 .debug_aranges
                0x0000000000000038       0x20 ./Core/Src/stm32f1xx_hal_msp.o
 .debug_aranges
                0x0000000000000058       0x68 ./Core/Src/stm32f1xx_it.o
 .debug_aranges
                0x00000000000000c0       0x28 ./Core/Src/system_stm32f1xx.o
 .debug_aranges
                0x00000000000000e8       0x28 ./Core/Startup/startup_stm32f103c8tx.o
 .debug_aranges
                0x0000000000000110       0xe0 ./Drivers/STM32F1xx_HAL_Driver/Src/stm32f1xx_hal.o
 .debug_aranges
                0x00000000000001f0      0x100 ./Drivers/STM32F1xx_HAL_Driver/Src/stm32f1xx_hal_cortex.o
 .debug_aranges
                0x00000000000002f0       0x58 ./Drivers/STM32F1xx_HAL_Driver/Src/stm32f1xx_hal_gpio.o
 .debug_aranges
                0x0000000000000348      0x138 ./Drivers/STM32F1xx_HAL_Driver/Src/stm32f1xx_hal_pcd.o
 .debug_aranges
                0x0000000000000480       0x38 ./Drivers/STM32F1xx_HAL_Driver/Src/stm32f1xx_hal_pcd_ex.o
 .debug_aranges
                0x00000000000004b8       0x90 ./Drivers/STM32F1xx_HAL_Driver/Src/stm32f1xx_hal_rcc.o
 .debug_aranges
                0x0000000000000548       0x30 ./Drivers/STM32F1xx_HAL_Driver/Src/stm32f1xx_hal_rcc_ex.o
 .debug_aranges
                0x0000000000000578       0xf0 ./Drivers/STM32F1xx_HAL_Driver/Src/stm32f1xx_ll_usb.o
 .debug_aranges
                0x0000000000000668       0x90 ./Middlewares/ST/STM32_USB_Device_Library/Class/CDC/Src/usbd_cdc.o
 .debug_aranges
                0x00000000000006f8       0xb8 ./Middlewares/ST/STM32_USB_Device_Library/Core/Src/usbd_core.o
 .debug_aranges
                0x00000000000007b0       0x88 ./Middlewares/ST/STM32_USB_Device_Library/Core/Src/usbd_ctlreq.o
 .debug_aranges
                0x0000000000000838       0x50 ./Middlewares/ST/STM32_USB_Device_Library/Core/Src/usbd_ioreq.o
 .debug_aranges
                0x0000000000000888       0x20 ./USB_DEVICE/App/usb_device.o
 .debug_aranges
                0x00000000000008a8       0x40 ./USB_DEVICE/App/usbd_cdc_if.o
 .debug_aranges
                0x00000000000008e8       0x60 ./USB_DEVICE/App/usbd_desc.o
 .debug_aranges
                0x0000000000000948      0x118 ./USB_DEVICE/Target/usbd_conf.o

.debug_ranges   0x0000000000000000      0x918
 .debug_ranges  0x0000000000000000       0x28 ./Core/Src/main.o
 .debug_ranges  0x0000000000000028       0x10 ./Core/Src/stm32f1xx_hal_msp.o
 .debug_ranges  0x0000000000000038       0x58 ./Core/Src/stm32f1xx_it.o
 .debug_ranges  0x0000000000000090       0x18 ./Core/Src/system_stm32f1xx.o
 .debug_ranges  0x00000000000000a8       0x20 ./Core/Startup/startup_stm32f103c8tx.o
 .debug_ranges  0x00000000000000c8       0xd0 ./Drivers/STM32F1xx_HAL_Driver/Src/stm32f1xx_hal.o
 .debug_ranges  0x0000000000000198       0xf0 ./Drivers/STM32F1xx_HAL_Driver/Src/stm32f1xx_hal_cortex.o
 .debug_ranges  0x0000000000000288       0x48 ./Drivers/STM32F1xx_HAL_Driver/Src/stm32f1xx_hal_gpio.o
 .debug_ranges  0x00000000000002d0      0x128 ./Drivers/STM32F1xx_HAL_Driver/Src/stm32f1xx_hal_pcd.o
 .debug_ranges  0x00000000000003f8       0x28 ./Drivers/STM32F1xx_HAL_Driver/Src/stm32f1xx_hal_pcd_ex.o
 .debug_ranges  0x0000000000000420       0x80 ./Drivers/STM32F1xx_HAL_Driver/Src/stm32f1xx_hal_rcc.o
 .debug_ranges  0x00000000000004a0       0x20 ./Drivers/STM32F1xx_HAL_Driver/Src/stm32f1xx_hal_rcc_ex.o
 .debug_ranges  0x00000000000004c0       0xe0 ./Drivers/STM32F1xx_HAL_Driver/Src/stm32f1xx_ll_usb.o
 .debug_ranges  0x00000000000005a0       0x80 ./Middlewares/ST/STM32_USB_Device_Library/Class/CDC/Src/usbd_cdc.o
 .debug_ranges  0x0000000000000620       0xa8 ./Middlewares/ST/STM32_USB_Device_Library/Core/Src/usbd_core.o
 .debug_ranges  0x00000000000006c8       0x78 ./Middlewares/ST/STM32_USB_Device_Library/Core/Src/usbd_ctlreq.o
 .debug_ranges  0x0000000000000740       0x40 ./Middlewares/ST/STM32_USB_Device_Library/Core/Src/usbd_ioreq.o
 .debug_ranges  0x0000000000000780       0x10 ./USB_DEVICE/App/usb_device.o
 .debug_ranges  0x0000000000000790       0x30 ./USB_DEVICE/App/usbd_cdc_if.o
 .debug_ranges  0x00000000000007c0       0x50 ./USB_DEVICE/App/usbd_desc.o
 .debug_ranges  0x0000000000000810      0x108 ./USB_DEVICE/Target/usbd_conf.o

.debug_macro    0x0000000000000000    0x1961b
 .debug_macro   0x0000000000000000      0x3ec ./Core/Src/main.o
 .debug_macro   0x00000000000003ec      0xa6c ./Core/Src/main.o
 .debug_macro   0x0000000000000e58      0x215 ./Core/Src/main.o
 .debug_macro   0x000000000000106d       0x2e ./Core/Src/main.o
 .debug_macro   0x000000000000109b       0x22 ./Core/Src/main.o
 .debug_macro   0x00000000000010bd       0x22 ./Core/Src/main.o
 .debug_macro   0x00000000000010df       0x8e ./Core/Src/main.o
 .debug_macro   0x000000000000116d       0x51 ./Core/Src/main.o
 .debug_macro   0x00000000000011be      0x103 ./Core/Src/main.o
 .debug_macro   0x00000000000012c1       0x6a ./Core/Src/main.o
 .debug_macro   0x000000000000132b      0x1df ./Core/Src/main.o
 .debug_macro   0x000000000000150a       0x1c ./Core/Src/main.o
 .debug_macro   0x0000000000001526       0x22 ./Core/Src/main.o
 .debug_macro   0x0000000000001548       0xbd ./Core/Src/main.o
 .debug_macro   0x0000000000001605      0xd23 ./Core/Src/main.o
 .debug_macro   0x0000000000002328     0xe09e ./Core/Src/main.o
 .debug_macro   0x00000000000103c6       0x6d ./Core/Src/main.o
 .debug_macro   0x0000000000010433     0x3468 ./Core/Src/main.o
 .debug_macro   0x000000000001389b      0x174 ./Core/Src/main.o
 .debug_macro   0x0000000000013a0f       0x5c ./Core/Src/main.o
 .debug_macro   0x0000000000013a6b      0x5be ./Core/Src/main.o
 .debug_macro   0x0000000000014029      0x289 ./Core/Src/main.o
 .debug_macro   0x00000000000142b2      0x1cb ./Core/Src/main.o
 .debug_macro   0x000000000001447d      0x114 ./Core/Src/main.o
 .debug_macro   0x0000000000014591      0x1b2 ./Core/Src/main.o
 .debug_macro   0x0000000000014743       0x27 ./Core/Src/main.o
 .debug_macro   0x000000000001476a      0x136 ./Core/Src/main.o
 .debug_macro   0x00000000000148a0      0x1bc ./Core/Src/main.o
 .debug_macro   0x0000000000014a5c       0x34 ./Core/Src/main.o
 .debug_macro   0x0000000000014a90       0x3c ./Core/Src/main.o
 .debug_macro   0x0000000000014acc       0x57 ./Core/Src/main.o
 .debug_macro   0x0000000000014b23       0x88 ./Core/Src/main.o
 .debug_macro   0x0000000000014bab      0x241 ./Core/Src/main.o
 .debug_macro   0x0000000000014dec      0x141 ./Core/Src/main.o
 .debug_macro   0x0000000000014f2d       0x65 ./Core/Src/main.o
 .debug_macro   0x0000000000014f92      0x249 ./Core/Src/main.o
 .debug_macro   0x00000000000151db       0x83 ./Core/Src/main.o
 .debug_macro   0x000000000001525e       0x10 ./Core/Src/main.o
 .debug_macro   0x000000000001526e       0x52 ./Core/Src/main.o
 .debug_macro   0x00000000000152c0       0x18 ./Core/Src/main.o
 .debug_macro   0x00000000000152d8       0x3c ./Core/Src/main.o
 .debug_macro   0x0000000000015314       0x34 ./Core/Src/main.o
 .debug_macro   0x0000000000015348       0x16 ./Core/Src/main.o
 .debug_macro   0x000000000001535e       0x35 ./Core/Src/main.o
 .debug_macro   0x0000000000015393      0x341 ./Core/Src/main.o
 .debug_macro   0x00000000000156d4       0x10 ./Core/Src/main.o
 .debug_macro   0x00000000000156e4       0x16 ./Core/Src/main.o
 .debug_macro   0x00000000000156fa       0x43 ./Core/Src/main.o
 .debug_macro   0x000000000001573d       0x34 ./Core/Src/main.o
 .debug_macro   0x0000000000015771       0x10 ./Core/Src/main.o
 .debug_macro   0x0000000000015781       0x58 ./Core/Src/main.o
 .debug_macro   0x00000000000157d9       0x71 ./Core/Src/main.o
 .debug_macro   0x000000000001584a       0x1c ./Core/Src/main.o
 .debug_macro   0x0000000000015866      0x12a ./Core/Src/main.o
 .debug_macro   0x0000000000015990       0x10 ./Core/Src/main.o
 .debug_macro   0x00000000000159a0       0x1c ./Core/Src/main.o
 .debug_macro   0x00000000000159bc       0x52 ./Core/Src/main.o
 .debug_macro   0x0000000000015a0e       0x22 ./Core/Src/main.o
 .debug_macro   0x0000000000015a30       0x10 ./Core/Src/main.o
 .debug_macro   0x0000000000015a40       0x52 ./Core/Src/main.o
 .debug_macro   0x0000000000015a92       0xd5 ./Core/Src/main.o
 .debug_macro   0x0000000000015b67       0x1c ./Core/Src/main.o
 .debug_macro   0x0000000000015b83       0x3d ./Core/Src/main.o
 .debug_macro   0x0000000000015bc0       0x16 ./Core/Src/main.o
 .debug_macro   0x0000000000015bd6      0x145 ./Core/Src/main.o
 .debug_macro   0x0000000000015d1b       0x16 ./Core/Src/main.o
 .debug_macro   0x0000000000015d31       0x16 ./Core/Src/main.o
 .debug_macro   0x0000000000015d47       0x29 ./Core/Src/main.o
 .debug_macro   0x0000000000015d70       0x16 ./Core/Src/main.o
 .debug_macro   0x0000000000015d86       0x20 ./Core/Src/main.o
 .debug_macro   0x0000000000015da6       0x5f ./Core/Src/main.o
 .debug_macro   0x0000000000015e05      0x1c8 ./Core/Src/main.o
 .debug_macro   0x0000000000015fcd       0x8f ./Core/Src/main.o
 .debug_macro   0x000000000001605c       0x10 ./Core/Src/main.o
 .debug_macro   0x000000000001606c      0x1b7 ./Core/Src/stm32f1xx_hal_msp.o
 .debug_macro   0x0000000000016223      0x1c1 ./Core/Src/stm32f1xx_it.o
 .debug_macro   0x00000000000163e4      0x1a8 ./Core/Src/system_stm32f1xx.o
 .debug_macro   0x000000000001658c      0x1cc ./Drivers/STM32F1xx_HAL_Driver/Src/stm32f1xx_hal.o
 .debug_macro   0x0000000000016758      0x1a8 ./Drivers/STM32F1xx_HAL_Driver/Src/stm32f1xx_hal_cortex.o
 .debug_macro   0x0000000000016900      0x213 ./Drivers/STM32F1xx_HAL_Driver/Src/stm32f1xx_hal_gpio.o
 .debug_macro   0x0000000000016b13      0x1b4 ./Drivers/STM32F1xx_HAL_Driver/Src/stm32f1xx_hal_pcd.o
 .debug_macro   0x0000000000016cc7      0x1a8 ./Drivers/STM32F1xx_HAL_Driver/Src/stm32f1xx_hal_pcd_ex.o
 .debug_macro   0x0000000000016e6f      0x1ba ./Drivers/STM32F1xx_HAL_Driver/Src/stm32f1xx_hal_rcc.o
 .debug_macro   0x0000000000017029      0x1a8 ./Drivers/STM32F1xx_HAL_Driver/Src/stm32f1xx_hal_rcc_ex.o
 .debug_macro   0x00000000000171d1      0x1a8 ./Drivers/STM32F1xx_HAL_Driver/Src/stm32f1xx_ll_usb.o
 .debug_macro   0x0000000000017379      0x3cd ./Middlewares/ST/STM32_USB_Device_Library/Class/CDC/Src/usbd_cdc.o
 .debug_macro   0x0000000000017746       0x97 ./Middlewares/ST/STM32_USB_Device_Library/Class/CDC/Src/usbd_cdc.o
 .debug_macro   0x00000000000177dd       0xfd ./Middlewares/ST/STM32_USB_Device_Library/Class/CDC/Src/usbd_cdc.o
 .debug_macro   0x00000000000178da       0x56 ./Middlewares/ST/STM32_USB_Device_Library/Class/CDC/Src/usbd_cdc.o
 .debug_macro   0x0000000000017930      0x3b4 ./Middlewares/ST/STM32_USB_Device_Library/Core/Src/usbd_core.o
 .debug_macro   0x0000000000017ce4      0x1ce ./Middlewares/ST/STM32_USB_Device_Library/Core/Src/usbd_core.o
 .debug_macro   0x0000000000017eb2      0x3be ./Middlewares/ST/STM32_USB_Device_Library/Core/Src/usbd_ctlreq.o
 .debug_macro   0x0000000000018270      0x3ba ./Middlewares/ST/STM32_USB_Device_Library/Core/Src/usbd_ioreq.o
 .debug_macro   0x000000000001862a      0x3ed ./USB_DEVICE/App/usb_device.o
 .debug_macro   0x0000000000018a17       0x16 ./USB_DEVICE/App/usb_device.o
 .debug_macro   0x0000000000018a2d       0x22 ./USB_DEVICE/App/usb_device.o
 .debug_macro   0x0000000000018a4f       0x16 ./USB_DEVICE/App/usb_device.o
 .debug_macro   0x0000000000018a65      0x3d8 ./USB_DEVICE/App/usbd_cdc_if.o
 .debug_macro   0x0000000000018e3d      0x3f1 ./USB_DEVICE/App/usbd_desc.o
 .debug_macro   0x000000000001922e       0x1c ./USB_DEVICE/App/usbd_desc.o
 .debug_macro   0x000000000001924a      0x3d1 ./USB_DEVICE/Target/usbd_conf.o

.debug_line     0x0000000000000000     0xda3b
 .debug_line    0x0000000000000000      0xa46 ./Core/Src/main.o
 .debug_line    0x0000000000000a46      0x648 ./Core/Src/stm32f1xx_hal_msp.o
 .debug_line    0x000000000000108e      0x722 ./Core/Src/stm32f1xx_it.o
 .debug_line    0x00000000000017b0      0x6c6 ./Core/Src/system_stm32f1xx.o
 .debug_line    0x0000000000001e76       0x87 ./Core/Startup/startup_stm32f103c8tx.o
 .debug_line    0x0000000000001efd      0x8f3 ./Drivers/STM32F1xx_HAL_Driver/Src/stm32f1xx_hal.o
 .debug_line    0x00000000000027f0      0xadb ./Drivers/STM32F1xx_HAL_Driver/Src/stm32f1xx_hal_cortex.o
 .debug_line    0x00000000000032cb      0x98a ./Drivers/STM32F1xx_HAL_Driver/Src/stm32f1xx_hal_gpio.o
 .debug_line    0x0000000000003c55     0x12e1 ./Drivers/STM32F1xx_HAL_Driver/Src/stm32f1xx_hal_pcd.o
 .debug_line    0x0000000000004f36      0x6c1 ./Drivers/STM32F1xx_HAL_Driver/Src/stm32f1xx_hal_pcd_ex.o
 .debug_line    0x00000000000055f7      0xd01 ./Drivers/STM32F1xx_HAL_Driver/Src/stm32f1xx_hal_rcc.o
 .debug_line    0x00000000000062f8      0x83f ./Drivers/STM32F1xx_HAL_Driver/Src/stm32f1xx_hal_rcc_ex.o
 .debug_line    0x0000000000006b37     0x1026 ./Drivers/STM32F1xx_HAL_Driver/Src/stm32f1xx_ll_usb.o
 .debug_line    0x0000000000007b5d      0xcc8 ./Middlewares/ST/STM32_USB_Device_Library/Class/CDC/Src/usbd_cdc.o
 .debug_line    0x0000000000008825      0xd48 ./Middlewares/ST/STM32_USB_Device_Library/Core/Src/usbd_core.o
 .debug_line    0x000000000000956d      0xf6a ./Middlewares/ST/STM32_USB_Device_Library/Core/Src/usbd_ctlreq.o
 .debug_line    0x000000000000a4d7      0x9de ./Middlewares/ST/STM32_USB_Device_Library/Core/Src/usbd_ioreq.o
 .debug_line    0x000000000000aeb5      0x99e ./USB_DEVICE/App/usb_device.o
 .debug_line    0x000000000000b853      0x9fe ./USB_DEVICE/App/usbd_cdc_if.o
 .debug_line    0x000000000000c251      0xa67 ./USB_DEVICE/App/usbd_desc.o
 .debug_line    0x000000000000ccb8      0xd83 ./USB_DEVICE/Target/usbd_conf.o

.debug_str      0x0000000000000000    0x84870
 .debug_str     0x0000000000000000    0x81eb4 ./Core/Src/main.o
                                      0x8226d (size before relaxing)
 .debug_str     0x0000000000081eb4       0x5a ./Core/Src/stm32f1xx_hal_msp.o
                                      0x7d3d4 (size before relaxing)
 .debug_str     0x0000000000081f0e      0x408 ./Core/Src/stm32f1xx_it.o
                                      0x7d7a8 (size before relaxing)
 .debug_str     0x0000000000082316       0x7e ./Core/Src/system_stm32f1xx.o
                                      0x7d3d7 (size before relaxing)
 .debug_str     0x0000000000082394       0x36 ./Core/Startup/startup_stm32f103c8tx.o
                                         0x77 (size before relaxing)
 .debug_str     0x00000000000823ca      0x607 ./Drivers/STM32F1xx_HAL_Driver/Src/stm32f1xx_hal.o
                                      0x7db0a (size before relaxing)
 .debug_str     0x00000000000829d1      0x293 ./Drivers/STM32F1xx_HAL_Driver/Src/stm32f1xx_hal_cortex.o
                                      0x7da56 (size before relaxing)
 .debug_str     0x0000000000082c64      0x2f6 ./Drivers/STM32F1xx_HAL_Driver/Src/stm32f1xx_hal_gpio.o
                                      0x7d75d (size before relaxing)
 .debug_str     0x0000000000082f5a      0x573 ./Drivers/STM32F1xx_HAL_Driver/Src/stm32f1xx_hal_pcd.o
                                      0x7dcaf (size before relaxing)
 .debug_str     0x00000000000834cd      0x170 ./Drivers/STM32F1xx_HAL_Driver/Src/stm32f1xx_hal_pcd_ex.o
                                      0x7d84b (size before relaxing)
 .debug_str     0x000000000008363d      0x229 ./Drivers/STM32F1xx_HAL_Driver/Src/stm32f1xx_hal_rcc.o
                                      0x7d806 (size before relaxing)
 .debug_str     0x0000000000083866       0x9f ./Drivers/STM32F1xx_HAL_Driver/Src/stm32f1xx_hal_rcc_ex.o
                                      0x7d556 (size before relaxing)
 .debug_str     0x0000000000083905      0x129 ./Drivers/STM32F1xx_HAL_Driver/Src/stm32f1xx_ll_usb.o
                                      0x7d87e (size before relaxing)
 .debug_str     0x0000000000083a2e      0x645 ./Middlewares/ST/STM32_USB_Device_Library/Class/CDC/Src/usbd_cdc.o
                                      0x8291b (size before relaxing)
 .debug_str     0x0000000000084073      0x281 ./Middlewares/ST/STM32_USB_Device_Library/Core/Src/usbd_core.o
                                      0x82256 (size before relaxing)
 .debug_str     0x00000000000842f4      0x120 ./Middlewares/ST/STM32_USB_Device_Library/Core/Src/usbd_ctlreq.o
                                      0x82170 (size before relaxing)
 .debug_str     0x0000000000084414       0x51 ./Middlewares/ST/STM32_USB_Device_Library/Core/Src/usbd_ioreq.o
                                      0x8209d (size before relaxing)
 .debug_str     0x0000000000084465       0xc6 ./USB_DEVICE/App/usb_device.o
                                      0x82428 (size before relaxing)
 .debug_str     0x000000000008452b       0x7d ./USB_DEVICE/App/usbd_cdc_if.o
                                      0x824a8 (size before relaxing)
 .debug_str     0x00000000000845a8      0x250 ./USB_DEVICE/App/usbd_desc.o
                                      0x81fd1 (size before relaxing)
 .debug_str     0x00000000000847f8       0x78 ./USB_DEVICE/Target/usbd_conf.o
                                      0x82ea8 (size before relaxing)

.comment        0x0000000000000000       0x50
 .comment       0x0000000000000000       0x50 ./Core/Src/main.o
                                         0x51 (size before relaxing)
 .comment       0x0000000000000050       0x51 ./Core/Src/stm32f1xx_hal_msp.o
 .comment       0x0000000000000050       0x51 ./Core/Src/stm32f1xx_it.o
 .comment       0x0000000000000050       0x51 ./Core/Src/system_stm32f1xx.o
 .comment       0x0000000000000050       0x51 ./Drivers/STM32F1xx_HAL_Driver/Src/stm32f1xx_hal.o
 .comment       0x0000000000000050       0x51 ./Drivers/STM32F1xx_HAL_Driver/Src/stm32f1xx_hal_cortex.o
 .comment       0x0000000000000050       0x51 ./Drivers/STM32F1xx_HAL_Driver/Src/stm32f1xx_hal_gpio.o
 .comment       0x0000000000000050       0x51 ./Drivers/STM32F1xx_HAL_Driver/Src/stm32f1xx_hal_pcd.o
 .comment       0x0000000000000050       0x51 ./Drivers/STM32F1xx_HAL_Driver/Src/stm32f1xx_hal_pcd_ex.o
 .comment       0x0000000000000050       0x51 ./Drivers/STM32F1xx_HAL_Driver/Src/stm32f1xx_hal_rcc.o
 .comment       0x0000000000000050       0x51 ./Drivers/STM32F1xx_HAL_Driver/Src/stm32f1xx_hal_rcc_ex.o
 .comment       0x0000000000000050       0x51 ./Drivers/STM32F1xx_HAL_Driver/Src/stm32f1xx_ll_usb.o
 .comment       0x0000000000000050       0x51 ./Middlewares/ST/STM32_USB_Device_Library/Class/CDC/Src/usbd_cdc.o
 .comment       0x0000000000000050       0x51 ./Middlewares/ST/STM32_USB_Device_Library/Core/Src/usbd_core.o
 .comment       0x0000000000000050       0x51 ./Middlewares/ST/STM32_USB_Device_Library/Core/Src/usbd_ctlreq.o
 .comment       0x0000000000000050       0x51 ./Middlewares/ST/STM32_USB_Device_Library/Core/Src/usbd_ioreq.o
 .comment       0x0000000000000050       0x51 ./USB_DEVICE/App/usb_device.o
 .comment       0x0000000000000050       0x51 ./USB_DEVICE/App/usbd_cdc_if.o
 .comment       0x0000000000000050       0x51 ./USB_DEVICE/App/usbd_desc.o
 .comment       0x0000000000000050       0x51 ./USB_DEVICE/Target/usbd_conf.o

.debug_frame    0x0000000000000000     0x27a8
 .debug_frame   0x0000000000000000       0x90 ./Core/Src/main.o
 .debug_frame   0x0000000000000090       0x38 ./Core/Src/stm32f1xx_hal_msp.o
 .debug_frame   0x00000000000000c8      0x120 ./Core/Src/stm32f1xx_it.o
 .debug_frame   0x00000000000001e8       0x58 ./Core/Src/system_stm32f1xx.o
 .debug_frame   0x0000000000000240      0x334 ./Drivers/STM32F1xx_HAL_Driver/Src/stm32f1xx_hal.o
 .debug_frame   0x0000000000000574      0x428 ./Drivers/STM32F1xx_HAL_Driver/Src/stm32f1xx_hal_cortex.o
 .debug_frame   0x000000000000099c      0x14c ./Drivers/STM32F1xx_HAL_Driver/Src/stm32f1xx_hal_gpio.o
 .debug_frame   0x0000000000000ae8      0x578 ./Drivers/STM32F1xx_HAL_Driver/Src/stm32f1xx_hal_pcd.o
 .debug_frame   0x0000000000001060       0xb0 ./Drivers/STM32F1xx_HAL_Driver/Src/stm32f1xx_hal_pcd_ex.o
 .debug_frame   0x0000000000001110      0x21c ./Drivers/STM32F1xx_HAL_Driver/Src/stm32f1xx_hal_rcc.o
 .debug_frame   0x000000000000132c       0x84 ./Drivers/STM32F1xx_HAL_Driver/Src/stm32f1xx_hal_rcc_ex.o
 .debug_frame   0x00000000000013b0      0x450 ./Drivers/STM32F1xx_HAL_Driver/Src/stm32f1xx_ll_usb.o
 .debug_frame   0x0000000000001800      0x248 ./Middlewares/ST/STM32_USB_Device_Library/Class/CDC/Src/usbd_cdc.o
 .debug_frame   0x0000000000001a48      0x300 ./Middlewares/ST/STM32_USB_Device_Library/Core/Src/usbd_core.o
 .debug_frame   0x0000000000001d48      0x218 ./Middlewares/ST/STM32_USB_Device_Library/Core/Src/usbd_ctlreq.o
 .debug_frame   0x0000000000001f60      0x10c ./Middlewares/ST/STM32_USB_Device_Library/Core/Src/usbd_ioreq.o
 .debug_frame   0x000000000000206c       0x2c ./USB_DEVICE/App/usb_device.o
 .debug_frame   0x0000000000002098       0xc0 ./USB_DEVICE/App/usbd_cdc_if.o
 .debug_frame   0x0000000000002158      0x160 ./USB_DEVICE/App/usbd_desc.o
 .debug_frame   0x00000000000022b8      0x4a4 ./USB_DEVICE/Target/usbd_conf.o
 .debug_frame   0x000000000000275c       0x2c /opt/st/stm32cubeide_1.9.0/plugins/com.st.stm32cube.ide.mcu.externaltools.gnu-tools-for-stm32.10.3-2021.10.linux64_1.0.0.202111181127/tools/bin/../lib/gcc/arm-none-eabi/10.3.1/../../../../arm-none-eabi/lib/thumb/v7-m/nofp/libc_nano.a(lib_a-init.o)
 .debug_frame   0x0000000000002788       0x20 /opt/st/stm32cubeide_1.9.0/plugins/com.st.stm32cube.ide.mcu.externaltools.gnu-tools-for-stm32.10.3-2021.10.linux64_1.0.0.202111181127/tools/bin/../lib/gcc/arm-none-eabi/10.3.1/../../../../arm-none-eabi/lib/thumb/v7-m/nofp/libc_nano.a(lib_a-memset.o)
